2026-01-01 00:58:48,382 [INFO] Activator:176 - 


2026-01-01 00:58:48,384 [INFO] Activator:177 - !SESSION log4j initialized
2026-01-01 00:58:48,769 [ERROR] LogOutputStream:75 - [STDERR_REDIRECT] SWT Webkit: Warning, You are using an old version of webkitgtk. (pre 2.4) BrowserFunction functionality will not be available
2026-01-01 00:58:48,771 [ERROR] LogOutputStream:75 - [STDERR_REDIRECT] SWT WebKit: error initializing DBus server, dBusServer == 0
2026-01-01 00:58:52,540 [INFO] LogOutputStream:77 - [STDOUT_REDIRECT] 
2026-01-01 00:59:14,070 [ERROR] LogOutputStream:75 - [STDERR_REDIRECT] SLF4J: Failed to load class "org.slf4j.impl.StaticLoggerBinder".
2026-01-01 00:59:14,073 [ERROR] LogOutputStream:75 - [STDERR_REDIRECT] SLF4J: Defaulting to no-operation (NOP) logger implementation
2026-01-01 00:59:14,074 [ERROR] LogOutputStream:75 - [STDERR_REDIRECT] SLF4J: See http://www.slf4j.org/codes.html#StaticLoggerBinder for further details.
2026-01-01 01:01:47,173 [INFO] ApplicationProperties:184 - Using Application install path: /app/stm32cubeide/plugins/com.st.stm32cube.common.mx_6.8.0.202302231600
2026-01-01 01:01:47,260 [INFO] DbMcusXml:78 - Set database path to: /app/stm32cubeide/plugins/com.st.stm32cube.common.mx_6.8.0.202302231600//db//mcu/
2026-01-01 01:01:47,261 [INFO] ApiDb:274 - Set plugin database path to: /app/stm32cubeide/plugins/com.st.stm32cube.common.mx_6.8.0.202302231600//db//plugins/boardmanager/
2026-01-01 01:01:47,277 [WARN] ApiDb:259 - Overriding images path with different value:  => /app/stm32cubeide/plugins/com.st.stm32cube.common.mx_6.8.0.202302231600//db//plugins/mcufinder/images/
2026-01-01 01:01:47,370 [INFO] ApiDb:250 - Set database path to: /home/ziad/.stmcufinder/plugins/mcufinder//mcu/
2026-01-01 01:01:47,375 [INFO] DbMcusAds:125 - Set database path to: /home/ziad/.stmcufinder/plugins/mcufinder//mcu/
2026-01-01 01:01:47,483 [INFO] CrossReferenceDbSqlite:203 - Set database path to: /home/ziad/.stmcufinder/plugins/mcufinder//mcu/cs/
2026-01-01 01:01:47,892 [INFO] RulesReader:64 - Compatibility file has been processed (293 Rules)
2026-01-01 01:01:48,225 [INFO] DbMcusXml:78 - Set database path to: /app/stm32cubeide/plugins/com.st.stm32cube.common.mx_6.8.0.202302231600//db//mcu/
2026-01-01 01:01:48,225 [INFO] ApiDb:274 - Set plugin database path to: /app/stm32cubeide/plugins/com.st.stm32cube.common.mx_6.8.0.202302231600//db//plugins/boardmanager/
2026-01-01 01:01:48,226 [INFO] ApiDb:261 - Set plugin images path to: /app/stm32cubeide/plugins/com.st.stm32cube.common.mx_6.8.0.202302231600//db//plugins/mcufinder/images/
2026-01-01 01:01:48,226 [WARN] DbFile:41 - Overriding database path with different value: /home/ziad/.stmcufinder/plugins/mcufinder/ => /home/ziad/.stmcufinder/plugins/mcufinder
2026-01-01 01:01:48,227 [INFO] ApiDb:250 - Set database path to: /home/ziad/.stmcufinder/plugins/mcufinder//mcu/
2026-01-01 01:01:48,237 [WARN] DbFile:41 - Overriding database path with different value: /home/ziad/.stmcufinder/plugins/mcufinder/ => /home/ziad/.stmcufinder/plugins/mcufinder
2026-01-01 01:01:48,237 [INFO] DbMcusAds:125 - Set database path to: /home/ziad/.stmcufinder/plugins/mcufinder//mcu/
2026-01-01 01:01:48,237 [WARN] DbFile:41 - Overriding database path with different value: /home/ziad/.stmcufinder/plugins/mcufinder/ => /home/ziad/.stmcufinder/plugins/mcufinder
2026-01-01 01:01:48,237 [WARN] DbFile:41 - Overriding database path with different value: /home/ziad/.stmcufinder/plugins/mcufinder/ => /home/ziad/.stmcufinder/plugins/mcufinder
2026-01-01 01:01:48,241 [INFO] CrossReferenceDbSqlite:203 - Set database path to: /home/ziad/.stmcufinder/plugins/mcufinder//mcu/cs/
2026-01-01 01:01:48,491 [INFO] MainPanel:253 - HeapMemory: 614465536
2026-01-01 01:01:48,879 [INFO] DbMcusXml:78 - Set database path to: /app/stm32cubeide/plugins/com.st.stm32cube.common.mx_6.8.0.202302231600//db//mcu/
2026-01-01 01:01:48,880 [INFO] ApiDb:274 - Set plugin database path to: /app/stm32cubeide/plugins/com.st.stm32cube.common.mx_6.8.0.202302231600//db//plugins/boardmanager/
2026-01-01 01:01:48,880 [INFO] ApiDb:261 - Set plugin images path to: /app/stm32cubeide/plugins/com.st.stm32cube.common.mx_6.8.0.202302231600//db//plugins/mcufinder/images/
2026-01-01 01:01:48,881 [WARN] DbFile:41 - Overriding database path with different value: /home/ziad/.stmcufinder/plugins/mcufinder/ => /home/ziad/.stmcufinder/plugins/mcufinder
2026-01-01 01:01:48,881 [INFO] ApiDb:250 - Set database path to: /home/ziad/.stmcufinder/plugins/mcufinder//mcu/
2026-01-01 01:01:48,881 [WARN] DbFile:41 - Overriding database path with different value: /home/ziad/.stmcufinder/plugins/mcufinder/ => /home/ziad/.stmcufinder/plugins/mcufinder
2026-01-01 01:01:48,881 [INFO] DbMcusAds:125 - Set database path to: /home/ziad/.stmcufinder/plugins/mcufinder//mcu/
2026-01-01 01:01:48,884 [WARN] DbFile:41 - Overriding database path with different value: /home/ziad/.stmcufinder/plugins/mcufinder/ => /home/ziad/.stmcufinder/plugins/mcufinder
2026-01-01 01:01:48,884 [WARN] DbFile:41 - Overriding database path with different value: /home/ziad/.stmcufinder/plugins/mcufinder/ => /home/ziad/.stmcufinder/plugins/mcufinder
2026-01-01 01:01:48,884 [INFO] CrossReferenceDbSqlite:203 - Set database path to: /home/ziad/.stmcufinder/plugins/mcufinder//mcu/cs/
2026-01-01 01:01:48,960 [INFO] ApplicationProperties:184 - Using Application install path: /app/stm32cubeide/plugins/com.st.stm32cube.common.mx_6.8.0.202302231600
2026-01-01 01:01:48,976 [INFO] PluginManage:196 - Search for loadable plugins [exclusion list=, ]
2026-01-01 01:01:48,984 [INFO] PluginManage:310 - Check plugin analytics
2026-01-01 01:01:49,753 [INFO] AnalyticsPlugin:253 - Accepted Software Licenses: 
2026-01-01 01:01:49,754 [INFO] AnalyticsPlugin:255 - Accepted CMSIS Pack Licenses: 
2026-01-01 01:01:49,757 [INFO] AnalyticsPlugin:257 - Accepted Firmware Licenses: FW.F4.1.27.0
2026-01-01 01:01:49,795 [INFO] PluginManage:359 - Loaded plugin analytics (category:tool,tabindex:-1)
2026-01-01 01:01:49,802 [INFO] PluginManage:310 - Check plugin cadmodel
2026-01-01 01:01:49,940 [INFO] CADModel:105 - Init CAD model plugin
2026-01-01 01:01:49,940 [INFO] PluginManage:359 - Loaded plugin cadmodel (category:power,tabindex:5)
2026-01-01 01:01:49,941 [INFO] PluginManage:310 - Check plugin clock
2026-01-01 01:01:49,997 [INFO] PluginManage:359 - Loaded plugin clock (category:base,tabindex:2)
2026-01-01 01:01:50,001 [INFO] PluginManage:310 - Check plugin ddr
2026-01-01 01:01:50,015 [INFO] PluginManage:359 - Loaded plugin ddr (category:tool,tabindex:6)
2026-01-01 01:01:50,015 [INFO] PluginManage:310 - Check plugin filemanager
2026-01-01 01:01:50,752 [INFO] PluginManage:359 - Loaded plugin filemanager (category:base,tabindex:10)
2026-01-01 01:01:50,752 [INFO] PluginManage:310 - Check plugin ipmanager
2026-01-01 01:01:50,783 [INFO] PluginManage:359 - Loaded plugin ipmanager (category:base,tabindex:5)
2026-01-01 01:01:50,784 [INFO] PluginManage:310 - Check plugin lpbam
2026-01-01 01:01:50,832 [INFO] PluginManage:359 - Loaded plugin lpbam (category:base,tabindex:0)
2026-01-01 01:01:50,840 [INFO] PluginManage:310 - Check plugin pinoutandconfiguration
2026-01-01 01:01:50,867 [INFO] PluginManage:359 - Loaded plugin pinoutandconfiguration (category:base,tabindex:1)
2026-01-01 01:01:50,871 [INFO] PluginManage:310 - Check plugin pinoutconfig
2026-01-01 01:01:51,321 [WARN] SupportedApi:132 - Cannot load RTOS API schema: s4s-elt-must-match.1: The content of 'definitions' must match (annotation?, (simpleType | complexType)?, (unique | key | keyref)*)). A problem was found starting at: attribute.
2026-01-01 01:01:52,037 [INFO] PluginManage:359 - Loaded plugin pinoutconfig (category:base,tabindex:0)
2026-01-01 01:01:52,038 [INFO] PluginManage:310 - Check plugin power
2026-01-01 01:01:52,089 [INFO] PluginManage:359 - Loaded plugin power (category:power,tabindex:4)
2026-01-01 01:01:52,089 [INFO] PluginManage:310 - Check plugin projectmanager
2026-01-01 01:01:52,211 [INFO] PluginManage:359 - Loaded plugin projectmanager (category:projectmanager,tabindex:3)
2026-01-01 01:01:52,212 [INFO] PluginManage:310 - Check plugin thirdparty
2026-01-01 01:01:52,818 [INFO] PluginManage:359 - Loaded plugin thirdparty (category:base,tabindex:-1)
2026-01-01 01:01:52,818 [INFO] PluginManage:310 - Check plugin tools
2026-01-01 01:01:52,822 [INFO] PluginManage:359 - Loaded plugin tools (category:base,tabindex:7)
2026-01-01 01:01:52,822 [INFO] PluginManage:310 - Check plugin tutovideos
2026-01-01 01:01:52,819 [WARN] IntegrityCheckThread:84 - waiting for thirdparty lock release [integrity check]
2026-01-01 01:01:52,826 [INFO] IntegrityCheckThread:86 - entering critical section [integrity check]
2026-01-01 01:01:52,839 [INFO] ThirdPartyUpdaterWithRetryManager:70 - Updater plugin not ready yet. [1/15]
2026-01-01 01:01:53,628 [INFO] PluginManage:359 - Loaded plugin tutovideos (category:base,tabindex:-1)
2026-01-01 01:01:53,628 [INFO] PluginManage:310 - Check plugin updater
2026-01-01 01:01:53,730 [INFO] PluginManage:359 - Loaded plugin updater (category:base,tabindex:12)
2026-01-01 01:01:53,731 [INFO] PluginManage:283 - PluginManage : Loaded plugins [15]
2026-01-01 01:01:54,790 [INFO] PinOutPanel:1499 - setPackage(No Configuration,No Configuration)
2026-01-01 01:01:55,022 [INFO] CADModel:165 - CPN selected for project level
2026-01-01 01:01:55,022 [INFO] CADModel:114 - Register for checkConnection events
2026-01-01 01:01:55,078 [INFO] IPUIPlugin:80 - create IPUIPlugin
2026-01-01 01:01:55,084 [INFO] PluginManager:220 - loadIPPluginJar : add gfxmmu
2026-01-01 01:01:55,106 [INFO] IPUIPlugin:80 - create IPUIPlugin
2026-01-01 01:01:55,106 [INFO] PluginManager:220 - loadIPPluginJar : add dma
2026-01-01 01:01:55,129 [INFO] IPUIPlugin:80 - create IPUIPlugin
2026-01-01 01:01:55,130 [INFO] PluginManager:220 - loadIPPluginJar : add stm32_wpan
2026-01-01 01:01:55,137 [INFO] IPUIPlugin:80 - create IPUIPlugin
2026-01-01 01:01:55,137 [INFO] PluginManager:220 - loadIPPluginJar : add dfsdm
2026-01-01 01:01:55,144 [INFO] IPUIPlugin:80 - create IPUIPlugin
2026-01-01 01:01:55,144 [INFO] PluginManager:220 - loadIPPluginJar : add lorawan
2026-01-01 01:01:55,150 [INFO] IPUIPlugin:80 - create IPUIPlugin
2026-01-01 01:01:55,150 [INFO] PluginManager:220 - loadIPPluginJar : add ts
2026-01-01 01:01:55,171 [INFO] IPUIPlugin:80 - create IPUIPlugin
2026-01-01 01:01:55,171 [INFO] PluginManager:220 - loadIPPluginJar : add gpio
2026-01-01 01:01:55,187 [INFO] IPUIPlugin:80 - create IPUIPlugin
2026-01-01 01:01:55,187 [INFO] PluginManager:220 - loadIPPluginJar : add gtzc
2026-01-01 01:01:55,200 [INFO] IPUIPlugin:80 - create IPUIPlugin
2026-01-01 01:01:55,201 [INFO] PluginManager:220 - loadIPPluginJar : add spi
2026-01-01 01:01:55,209 [INFO] IPUIPlugin:80 - create IPUIPlugin
2026-01-01 01:01:55,209 [INFO] PluginManager:220 - loadIPPluginJar : add tsc
2026-01-01 01:01:55,241 [INFO] IPUIPlugin:80 - create IPUIPlugin
2026-01-01 01:01:55,242 [INFO] PluginManager:220 - loadIPPluginJar : add freertos
2026-01-01 01:01:55,257 [INFO] IPUIPlugin:80 - create IPUIPlugin
2026-01-01 01:01:55,257 [INFO] PluginManager:220 - loadIPPluginJar : add nvic
2026-01-01 01:01:55,266 [INFO] IPUIPlugin:80 - create IPUIPlugin
2026-01-01 01:01:55,266 [INFO] PluginManager:220 - loadIPPluginJar : add quadspi
2026-01-01 01:01:55,276 [INFO] IPUIPlugin:80 - create IPUIPlugin
2026-01-01 01:01:55,278 [INFO] PluginManager:220 - loadIPPluginJar : add tracer_emb
2026-01-01 01:01:55,299 [INFO] IPUIPlugin:80 - create IPUIPlugin
2026-01-01 01:01:55,299 [INFO] PluginManager:220 - loadIPPluginJar : add fmc
2026-01-01 01:01:55,311 [INFO] IPUIPlugin:80 - create IPUIPlugin
2026-01-01 01:01:55,316 [INFO] PluginManager:220 - loadIPPluginJar : add ipddr
2026-01-01 01:01:55,328 [INFO] IPUIPlugin:80 - create IPUIPlugin
2026-01-01 01:01:55,328 [INFO] PluginManager:220 - loadIPPluginJar : add usbx
2026-01-01 01:01:55,332 [INFO] IPUIPlugin:80 - create IPUIPlugin
2026-01-01 01:01:55,332 [INFO] PluginManager:220 - loadIPPluginJar : add comp
2026-01-01 01:01:55,339 [INFO] IPUIPlugin:80 - create IPUIPlugin
2026-01-01 01:01:55,340 [INFO] PluginManager:220 - loadIPPluginJar : add tim
2026-01-01 01:01:55,367 [INFO] IPUIPlugin:80 - create IPUIPlugin
2026-01-01 01:01:55,368 [INFO] PluginManager:220 - loadIPPluginJar : add adc
2026-01-01 01:01:55,377 [INFO] IPUIPlugin:80 - create IPUIPlugin
2026-01-01 01:01:55,387 [INFO] PluginManager:220 - loadIPPluginJar : add dma3
2026-01-01 01:01:55,404 [INFO] IPUIPlugin:80 - create IPUIPlugin
2026-01-01 01:01:55,404 [INFO] PluginManager:220 - loadIPPluginJar : add resmgrutility
2026-01-01 01:01:55,415 [INFO] IPUIPlugin:80 - create IPUIPlugin
2026-01-01 01:01:55,416 [INFO] PluginManager:220 - loadIPPluginJar : add ltdc
2026-01-01 01:01:55,439 [INFO] IPUIPlugin:80 - create IPUIPlugin
2026-01-01 01:01:55,440 [INFO] PluginManager:220 - loadIPPluginJar : add opamp
2026-01-01 01:01:55,454 [INFO] IPUIPlugin:80 - create IPUIPlugin
2026-01-01 01:01:55,454 [INFO] PluginManager:220 - loadIPPluginJar : add cryp
2026-01-01 01:01:55,461 [INFO] IPUIPlugin:80 - create IPUIPlugin
2026-01-01 01:01:55,462 [INFO] PluginManager:220 - loadIPPluginJar : add aes
2026-01-01 01:01:55,465 [INFO] IPUIPlugin:80 - create IPUIPlugin
2026-01-01 01:01:55,465 [INFO] PluginManager:220 - loadIPPluginJar : add ucpd
2026-01-01 01:01:55,483 [INFO] IPUIPlugin:80 - create IPUIPlugin
2026-01-01 01:01:55,483 [INFO] PluginManager:220 - loadIPPluginJar : add can
2026-01-01 01:01:55,498 [INFO] IPUIPlugin:80 - create IPUIPlugin
2026-01-01 01:01:55,498 [INFO] PluginManager:220 - loadIPPluginJar : add hash
2026-01-01 01:01:55,509 [INFO] IPUIPlugin:80 - create IPUIPlugin
2026-01-01 01:01:55,510 [INFO] PluginManager:220 - loadIPPluginJar : add i2c
2026-01-01 01:01:55,529 [INFO] IPUIPlugin:80 - create IPUIPlugin
2026-01-01 01:01:55,529 [INFO] PluginManager:220 - loadIPPluginJar : add openamp
2026-01-01 01:01:55,561 [INFO] IPUIPlugin:80 - create IPUIPlugin
2026-01-01 01:01:55,562 [INFO] PluginManager:220 - loadIPPluginJar : add mdma
2026-01-01 01:01:55,590 [INFO] IPUIPlugin:80 - create IPUIPlugin
2026-01-01 01:01:55,602 [INFO] PluginManager:220 - loadIPPluginJar : add plateformsettings
2026-01-01 01:01:55,734 [INFO] IPUIPlugin:80 - create IPUIPlugin
2026-01-01 01:01:55,735 [INFO] PluginManager:220 - loadIPPluginJar : add gic
2026-01-01 01:01:55,748 [INFO] IPUIPlugin:80 - create IPUIPlugin
2026-01-01 01:01:55,749 [INFO] PluginManager:220 - loadIPPluginJar : add usart
2026-01-01 01:01:55,762 [INFO] IPUIPlugin:80 - create IPUIPlugin
2026-01-01 01:01:55,762 [INFO] PluginManager:220 - loadIPPluginJar : add sai
2026-01-01 01:01:55,778 [INFO] IPUIPlugin:80 - create IPUIPlugin
2026-01-01 01:01:55,779 [INFO] PluginManager:220 - loadIPPluginJar : add i3c
2026-01-01 01:01:55,813 [INFO] IPUIPlugin:80 - create IPUIPlugin
2026-01-01 01:01:55,813 [INFO] PluginManager:220 - loadIPPluginJar : add linkedlist
2026-01-01 01:01:55,818 [INFO] IPUIPlugin:80 - create IPUIPlugin
2026-01-01 01:01:55,819 [INFO] PluginManager:220 - loadIPPluginJar : add genericplugin
2026-01-01 01:01:55,829 [INFO] IPUIPlugin:80 - create IPUIPlugin
2026-01-01 01:01:55,829 [INFO] PluginManager:220 - loadIPPluginJar : add pdm2pcm
2026-01-01 01:01:55,834 [INFO] IPUIPlugin:80 - create IPUIPlugin
2026-01-01 01:01:55,834 [INFO] PluginManager:220 - loadIPPluginJar : add fatfs
2026-01-01 01:01:55,840 [INFO] ThirdPartyUpdaterWithRetryManager:70 - Updater plugin not ready yet. [2/15]
2026-01-01 01:01:55,843 [INFO] IPUIPlugin:80 - create IPUIPlugin
2026-01-01 01:01:55,843 [INFO] PluginManager:220 - loadIPPluginJar : add touchsensing
2026-01-01 01:01:55,851 [INFO] IPUIPlugin:80 - create IPUIPlugin
2026-01-01 01:01:55,851 [INFO] PluginManager:220 - loadIPPluginJar : add i2s
2026-01-01 01:01:56,068 [INFO] CADModel:165 - CPN selected for project level
2026-01-01 01:01:56,068 [INFO] CADModel:114 - Register for checkConnection events
2026-01-01 01:01:56,071 [FATAL] Updater:308 - Updater called before beeing initialized
2026-01-01 01:01:56,071 [ERROR] CADModel:125 - Updater not yet initialized, retry later 
2026-01-01 01:01:56,673 [INFO] CADModel:165 - CPN selected for project level
2026-01-01 01:01:56,673 [INFO] CADModel:114 - Register for checkConnection events
2026-01-01 01:01:56,673 [FATAL] Updater:308 - Updater called before beeing initialized
2026-01-01 01:01:56,673 [ERROR] CADModel:125 - Updater not yet initialized, retry later 
2026-01-01 01:01:56,775 [FATAL] Updater:308 - Updater called before beeing initialized
2026-01-01 01:01:57,225 [FATAL] Updater:308 - Updater called before beeing initialized
2026-01-01 01:01:57,267 [INFO] DbMcusAds:53 - JSON generation date=Tue Nov 25 16:08:32 EET 2025 (1764079712287)
2026-01-01 01:01:57,267 [FATAL] Updater:308 - Updater called before beeing initialized
2026-01-01 01:01:57,416 [WARN] DetailPanel:346 - Failed to get advertising image, set to default
2026-01-01 01:01:57,689 [FATAL] Updater:308 - Updater called before beeing initialized
2026-01-01 01:01:57,700 [FATAL] Updater:308 - Updater called before beeing initialized
2026-01-01 01:01:57,700 [FATAL] Updater:308 - Updater called before beeing initialized
2026-01-01 01:01:57,700 [WARN] DetailPanel:346 - Failed to get advertising image, set to default
2026-01-01 01:01:57,702 [FATAL] Updater:308 - Updater called before beeing initialized
2026-01-01 01:01:57,858 [ERROR] Updater:1120 - MainUpdater not yet initialized. External WinMGr cannot be set.
2026-01-01 01:01:57,866 [INFO] Updater:1056 - Updater Version found : 6.8.0
2026-01-01 01:01:57,934 [INFO] ApplicationProperties:184 - Using Application install path: /app/stm32cubeide/plugins/com.st.stm32cube.common.mx_6.8.0.202302231600
2026-01-01 01:01:58,630 [INFO] MainUpdater:2854 - connection check result : 10
2026-01-01 01:01:58,635 [INFO] MainUpdater:283 - Updater Check For Update Now.
2026-01-01 01:01:58,637 [INFO] MicroXplorer:498 - Change Database Version : DB.6.0.80
2026-01-01 01:01:58,847 [WARN] MainUpdater:1187 - Updater busy. Cannot search thirdparties
2026-01-01 01:01:58,848 [INFO] ThirdPartyUpdaterWithRetryManager:96 - Updater plugin is busy. [1/15]
2026-01-01 01:01:59,096 [INFO] CheckServerUpdateThread:120 - End of CheckServer Thread
2026-01-01 01:01:59,277 [INFO] MainUpdater:2854 - connection check result : 10
2026-01-01 01:01:59,281 [INFO] McuFinderGlobals:66 - Set McuFinderConnectedMode to true
2026-01-01 01:02:00,136 [INFO] ServerAccessManage:473 - Download File mcusAds.json._tmp_
2026-01-01 01:02:00,279 [INFO] LoadUrlFilesThread:156 - End of LoadUrlFiles Thread
2026-01-01 01:02:00,543 [INFO] ServerAccessManage:473 - Download File cube-finder-db.zip
2026-01-01 01:02:01,848 [WARN] MainUpdater:1187 - Updater busy. Cannot search thirdparties
2026-01-01 01:02:01,849 [INFO] ThirdPartyUpdaterWithRetryManager:96 - Updater plugin is busy. [2/15]
2026-01-01 01:02:04,851 [WARN] MainUpdater:1187 - Updater busy. Cannot search thirdparties
2026-01-01 01:02:04,851 [INFO] ThirdPartyUpdaterWithRetryManager:96 - Updater plugin is busy. [3/15]
2026-01-01 01:02:07,851 [WARN] MainUpdater:1187 - Updater busy. Cannot search thirdparties
2026-01-01 01:02:07,852 [INFO] ThirdPartyUpdaterWithRetryManager:96 - Updater plugin is busy. [4/15]
2026-01-01 01:02:10,856 [WARN] MainUpdater:1187 - Updater busy. Cannot search thirdparties
2026-01-01 01:02:10,856 [INFO] ThirdPartyUpdaterWithRetryManager:96 - Updater plugin is busy. [5/15]
2026-01-01 01:02:12,590 [INFO] FileExtend:240 - Unzip File : cube-finder-db.zip
2026-01-01 01:02:12,596 [INFO] FileExtend:255 - Standard Zip Deflate
2026-01-01 01:02:13,858 [WARN] MainUpdater:1187 - Updater busy. Cannot search thirdparties
2026-01-01 01:02:13,858 [INFO] ThirdPartyUpdaterWithRetryManager:96 - Updater plugin is busy. [6/15]
2026-01-01 01:02:15,028 [INFO] LoadUrlFilesThread:156 - End of LoadUrlFiles Thread
2026-01-01 01:02:15,521 [INFO] ServerAccessManage:473 - Download File crdb.zip
2026-01-01 01:02:15,891 [INFO] FileExtend:240 - Unzip File : crdb.zip
2026-01-01 01:02:15,891 [INFO] FileExtend:255 - Standard Zip Deflate
2026-01-01 01:02:16,116 [INFO] LoadUrlFilesThread:156 - End of LoadUrlFiles Thread
2026-01-01 01:02:16,400 [INFO] ServerAccessManage:473 - Download File tutoVideoDB.zip
2026-01-01 01:02:16,484 [INFO] FileExtend:240 - Unzip File : tutoVideoDB.zip
2026-01-01 01:02:16,485 [INFO] FileExtend:255 - Standard Zip Deflate
2026-01-01 01:02:16,603 [INFO] LoadUrlFilesThread:156 - End of LoadUrlFiles Thread
2026-01-01 01:02:16,628 [WARN] DbFile:41 - Overriding database path with different value: /home/ziad/.stmcufinder/plugins/mcufinder/ => /home/ziad/.stmcufinder/plugins/mcufinder
2026-01-01 01:02:16,856 [INFO] ServerAccessManage:473 - Download File api_config.json
2026-01-01 01:02:16,869 [WARN] MainUpdater:1187 - Updater busy. Cannot search thirdparties
2026-01-01 01:02:16,869 [INFO] ThirdPartyUpdaterWithRetryManager:96 - Updater plugin is busy. [7/15]
2026-01-01 01:02:16,983 [INFO] LoadUrlFilesThread:156 - End of LoadUrlFiles Thread
2026-01-01 01:02:16,989 [INFO] DbMcusAds:53 - JSON generation date=Tue Dec 16 01:11:46 EET 2025 (1765840306612)
2026-01-01 01:02:17,337 [INFO] ServerAccessManage:473 - Download File 
2026-01-01 01:02:17,484 [INFO] LoadUrlFilesThread:185 - End of LoadServerUrlFiles without Thread
2026-01-01 01:02:17,486 [INFO] TargetSelectorAdapter:259 - Refresh data is successful
2026-01-01 01:02:18,242 [INFO] ApiDb:581 - Connected to CubeFinder SQLite database (/home/ziad/.stmcufinder/plugins/mcufinder/mcu/cube-finder-db.db)
2026-01-01 01:02:18,601 [INFO] ApiDb:668 - CubeFinder database Data Model version=2.1
2026-01-01 01:02:18,601 [INFO] ApiDb:669 - CubeFinder database Configuration version=3.0.39
2026-01-01 01:02:18,602 [INFO] ApiDb:670 - CubeFinder database generation date=2025-12-22 (1766407740)
2026-01-01 01:02:18,602 [INFO] ApiDb:671 - CubeFinder database FW Pack versions=[FP-ATR-ASTRA1_V2.0.0, FP-SNS-FLIGHT1_V5.1.0, FP-SNS-MOTENV1_V5.1.0, FP-SNS-MOTENVWB1_V1.4.0, FP-SNS-SMARTAG2_V1.2.0, FP-SNS-STBOX1_V2.1.0, STM32Cube_FW_C0_V1.4.0, STM32Cube_FW_F4_V1.28.3, STM32Cube_FW_F7_V1.17.4, STM32Cube_FW_G0_V1.6.2, STM32Cube_FW_G4_V1.6.1, STM32Cube_FW_H5_V1.5.1, STM32Cube_FW_H7RS_V1.3.0, STM32Cube_FW_H7_V1.12.1, STM32Cube_FW_L0_V1.12.2, STM32Cube_FW_L4_V1.18.1, STM32Cube_FW_L5_V1.6.0, STM32Cube_FW_N6_V1.3.0, STM32Cube_FW_U0_V1.3.0, STM32Cube_FW_U3_V1.2.1, STM32Cube_FW_U5_V1.8.0, STM32Cube_FW_WB0_V1.4.0, STM32Cube_FW_WBA_V1.8.0, STM32Cube_FW_WB_V1.24.0, STM32Cube_FW_WL3_V1.3.0, STM32Cube_FW_WL_V1.4.0, X-CUBE-ALGOBUILD_V1.4.0, X-CUBE-ALS_V1.0.2, X-CUBE-AZRTOS-F4_V1.1.0, X-CUBE-AZRTOS-F7_V1.1.0, X-CUBE-AZRTOS-G0_V1.1.0, X-CUBE-AZRTOS-G4_V2.0.0, X-CUBE-AZRTOS-H7RS_V1.1.0, X-CUBE-AZRTOS-H7_V3.4.0, X-CUBE-AZRTOS-L4_V2.0.0, X-CUBE-AZRTOS-L5_V2.0.0, X-CUBE-AZRTOS-WB_V2.0.0, X-CUBE-AZRTOS-WL_V2.0.0, X-CUBE-BLE1_V7.1.0, X-CUBE-BLE2_V3.3.0, X-CUBE-BLEMGR_V4.1.0, X-CUBE-EEPRMA1_V5.2.0, X-CUBE-FREERTOS_V1.3.1, X-CUBE-GNSS1_V6.0.0, X-CUBE-MEMS1_V12.0.0, X-CUBE-NFC4_V3.0.0, X-CUBE-NFC7_V2.0.0, X-CUBE-SFXS2LP1_V4.0.0, X-CUBE-ST67W61_V1.1.0, X-CUBE-SUBG2_V5.0.0, X-CUBE-TOF1_V3.4.3]
2026-01-01 01:02:20,644 [WARN] PackLoader:240 - Cannot read IP mode file for STMicroelectronics.FP-SNS-MOTENVWB1.1.4.0
2026-01-01 01:02:20,695 [WARN] PackLoader:240 - Cannot read IP mode file for STMicroelectronics.FP-ATR-ASTRA1.2.0.2
2026-01-01 01:02:20,740 [WARN] PackLoader:240 - Cannot read IP mode file for STMicroelectronics.X-CUBE-SMBUS.2.1.0
2026-01-01 01:02:20,910 [WARN] PackLoader:240 - Cannot read IP mode file for STMicroelectronics.X-CUBE-AZRTOS-F7.1.1.0
2026-01-01 01:02:20,932 [ERROR] Engine:466 - /home/ziad/.stm32cubemx/thirdparties/pdsc/STMicroelectronics.FP-SNS-MOTENV1.5.1.0.pdsc: PDSC version is not supported
2026-01-01 01:02:20,944 [ERROR] Engine:466 - /home/ziad/.stm32cubemx/thirdparties/pdsc/WES.I-CUBE-Cesium.1.4.0.pdsc: PDSC version is not supported
2026-01-01 01:02:21,128 [WARN] PackLoader:240 - Cannot read IP mode file for STMicroelectronics.X-CUBE-AZRTOS-H7.3.4.0
2026-01-01 01:02:21,188 [WARN] PackLoader:240 - Cannot read IP mode file for STMicroelectronics.X-CUBE-DISPLAY.3.0.0
2026-01-01 01:02:21,296 [WARN] PackLoader:240 - Cannot read IP mode file for STMicroelectronics.X-CUBE-NFC10.1.0.0
2026-01-01 01:02:21,319 [ERROR] Engine:466 - /home/ziad/.stm32cubemx/thirdparties/pdsc/STMicroelectronics.X-CUBE-ST60.1.1.0.pdsc: PDSC version is not supported
2026-01-01 01:02:21,336 [WARN] PackLoader:240 - Cannot read IP mode file for emotas.I-CUBE-CANOPEN.1.3.0
2026-01-01 01:02:21,373 [WARN] PackLoader:240 - Cannot read IP mode file for STMicroelectronics.X-CUBE-GNSS1.7.1.0
2026-01-01 01:02:21,414 [ERROR] Engine:466 - /home/ziad/.stm32cubemx/thirdparties/pdsc/STMicroelectronics.FP-SNS-STBOX1.2.1.0.pdsc: PDSC version is not supported
2026-01-01 01:02:21,439 [WARN] PackLoader:240 - Cannot read IP mode file for STMicroelectronics.FP-SNS-SMARTAG2.1.2.0
2026-01-01 01:02:21,457 [ERROR] Engine:466 - /home/ziad/.stm32cubemx/thirdparties/pdsc/STMicroelectronics.FP-SNS-FLIGHT1.5.1.0.pdsc: PDSC version is not supported
2026-01-01 01:02:21,503 [INFO] LogOutputStream:77 - [STDOUT_REDIRECT] 1 : Invalid condition id : UX_CORESTACK_Condition cause : null
2026-01-01 01:02:21,506 [INFO] LogOutputStream:77 - [STDOUT_REDIRECT] 1 : Invalid condition id : UX_CORESTACK_Condition cause : null
2026-01-01 01:02:21,510 [INFO] LogOutputStream:77 - [STDOUT_REDIRECT] 1 : Invalid condition id : UX_CORESTACK_Condition cause : null
2026-01-01 01:02:21,511 [INFO] LogOutputStream:77 - [STDOUT_REDIRECT] 1 : Invalid condition id : UX_CORESTACK_Condition cause : null
2026-01-01 01:02:21,512 [INFO] LogOutputStream:77 - [STDOUT_REDIRECT] 1 : Invalid condition id : UX_CORESTACK_Condition cause : null
2026-01-01 01:02:21,539 [WARN] PackLoader:240 - Cannot read IP mode file for STMicroelectronics.X-CUBE-AZRTOS-WL.2.0.0
2026-01-01 01:02:21,741 [WARN] PackLoader:240 - Cannot read IP mode file for STMicroelectronics.X-CUBE-AZRTOS-H7RS.1.2.0
2026-01-01 01:02:21,786 [WARN] PackLoader:240 - Cannot read IP mode file for STMicroelectronics.X-CUBE-BLE2.3.3.0
2026-01-01 01:02:21,797 [ERROR] Engine:466 - /home/ziad/.stm32cubemx/thirdparties/pdsc/Avnet-IOTCONNECT.X-CUBE-iotc-st67-sdk.1.0.0.pdsc: PDSC version is not supported
2026-01-01 01:02:21,826 [ERROR] Engine:466 - /home/ziad/.stm32cubemx/thirdparties/pdsc/Infineon.AIROC-Wi-Fi-Bluetooth-STM32.1.8.0.pdsc: PDSC version is not supported
2026-01-01 01:02:21,849 [WARN] PackLoader:240 - Cannot read IP mode file for STMicroelectronics.X-CUBE-NFC9.1.0.0
2026-01-01 01:02:21,877 [WARN] PackLoader:240 - Cannot read IP mode file for wolfSSL.I-CUBE-wolfSSL.5.8.2
2026-01-01 01:02:21,890 [WARN] PackLoader:240 - Cannot read IP mode file for STMicroelectronics.X-CUBE-BLE1.7.1.0
2026-01-01 01:02:21,904 [WARN] PackLoader:240 - Cannot read IP mode file for wolfSSL.I-CUBE-wolfMQTT.1.19.2
2026-01-01 01:02:21,916 [ERROR] Engine:466 - /home/ziad/.stm32cubemx/thirdparties/pdsc/STMicroelectronics.X-CUBE-FREERTOS.1.4.0.pdsc: PDSC version is not supported
2026-01-01 01:02:21,941 [WARN] PackLoader:240 - Cannot read IP mode file for STMicroelectronics.X-CUBE-EEPRMA1.5.2.0
2026-01-01 01:02:21,960 [ERROR] Engine:466 - /home/ziad/.stm32cubemx/thirdparties/pdsc/Cesanta.I-CUBE-Mongoose.7.20.0.pdsc: PDSC version is not supported
2026-01-01 01:02:21,965 [ERROR] Engine:466 - /home/ziad/.stm32cubemx/thirdparties/pdsc/STMicroelectronics.X-CUBE-ST67W61.1.1.0.pdsc: PDSC version is not supported
2026-01-01 01:02:22,235 [WARN] PackLoader:240 - Cannot read IP mode file for STMicroelectronics.X-CUBE-MEMS1.12.0.0
2026-01-01 01:02:23,043 [WARN] PackLoader:240 - Cannot read IP mode file for STMicroelectronics.X-CUBE-AZRTOS-G0.1.1.0
2026-01-01 01:02:23,073 [WARN] PackLoader:240 - Cannot read IP mode file for STMicroelectronics.X-CUBE-NFC4.3.0.0
2026-01-01 01:02:23,095 [ERROR] Engine:466 - /home/ziad/.stm32cubemx/thirdparties/pdsc/EmbeddedOffice.I-CUBE-FS-RTOS.1.0.1.pdsc: PDSC version is not supported
2026-01-01 01:02:23,114 [WARN] PackLoader:240 - Cannot read IP mode file for STMicroelectronics.X-CUBE-WB05N.2.0.0
2026-01-01 01:02:23,136 [WARN] PackLoader:240 - Cannot read IP mode file for wolfSSL.I-CUBE-wolfTPM.3.8.0
2026-01-01 01:02:23,147 [ERROR] Engine:466 - /home/ziad/.stm32cubemx/thirdparties/pdsc/STMicroelectronics.X-CUBE-TCPP.4.2.0.pdsc: PDSC version is not supported
2026-01-01 01:02:23,152 [ERROR] Engine:466 - /home/ziad/.stm32cubemx/thirdparties/pdsc/RealThread.X-CUBE-RT-Thread_Nano.4.1.1.pdsc: PDSC version is not supported
2026-01-01 01:02:23,167 [WARN] PackLoader:240 - Cannot read IP mode file for STMicroelectronics.FP-ATR-SIGFOX1.3.2.0
2026-01-01 01:02:23,186 [WARN] PackLoader:240 - Cannot read IP mode file for ITTIA_DB.I-CUBE-ITTIADB.8.9.0
2026-01-01 01:02:23,199 [WARN] PackLoader:240 - Cannot read IP mode file for STMicroelectronics.X-CUBE-AI.10.2.0
2026-01-01 01:02:23,345 [WARN] PackLoader:240 - Cannot read IP mode file for SEGGER.I-CUBE-embOS.1.3.1
2026-01-01 01:02:23,494 [WARN] PackLoader:240 - Cannot read IP mode file for STMicroelectronics.X-CUBE-ALGOBUILD.1.4.0
2026-01-01 01:02:23,514 [WARN] PackLoader:240 - Cannot read IP mode file for STMicroelectronics.X-CUBE-PM33A1.1.0.0
2026-01-01 01:02:23,651 [WARN] PackLoader:240 - Cannot read IP mode file for STMicroelectronics.X-CUBE-AZRTOS-F4.1.1.0
2026-01-01 01:02:23,674 [WARN] PackLoader:240 - Cannot read IP mode file for STMicroelectronics.X-CUBE-ISPU.2.1.0
2026-01-01 01:02:23,700 [ERROR] Engine:466 - /home/ziad/.stm32cubemx/thirdparties/pdsc/STMicroelectronics.X-CUBE-IPS.3.2.0.pdsc: PDSC version is not supported
2026-01-01 01:02:23,718 [WARN] PackLoader:240 - Cannot read IP mode file for STMicroelectronics.X-CUBE-NFC12.1.0.0
2026-01-01 01:02:23,789 [WARN] PackLoader:240 - Cannot read IP mode file for STMicroelectronics.X-CUBE-AZRTOS-L5.2.0.0
2026-01-01 01:02:23,826 [WARN] PackLoader:240 - Cannot read IP mode file for STMicroelectronics.X-CUBE-NFC6.3.1.0
2026-01-01 01:02:23,843 [WARN] PackLoader:240 - Cannot read IP mode file for STMicroelectronics.X-CUBE-TOUCHGFX.4.26.0
2026-01-01 01:02:23,850 [ERROR] Engine:466 - /home/ziad/.stm32cubemx/thirdparties/pdsc/STMicroelectronics.FP-SNS-STAIOTCFT.1.0.0.pdsc: PDSC version is not supported
2026-01-01 01:02:23,857 [ERROR] Engine:466 - /home/ziad/.stm32cubemx/thirdparties/pdsc/STMicroelectronics.X-CUBE-DPower.1.3.0.pdsc: PDSC version is not supported
2026-01-01 01:02:23,919 [WARN] ConditionMgr:438 - getConditionDescription Invalid condition id : LAN8742 Phy interface Condition cause : null
2026-01-01 01:02:23,922 [WARN] PackLoader:240 - Cannot read IP mode file for STMicroelectronics.X-CUBE-AZRTOS-L4.2.0.0
2026-01-01 01:02:23,928 [WARN] ConditionMgr:1039 - genDependencies : Invalid condition id : LAN8742 Phy interface Condition cause : null
2026-01-01 01:02:23,929 [WARN] ConditionMgr:1039 - genDependencies : Invalid condition id : LAN8742 Phy interface Condition cause : null
2026-01-01 01:02:23,930 [WARN] ConditionMgr:1039 - genDependencies : Invalid condition id : LAN8742 Phy interface Condition cause : null
2026-01-01 01:02:23,956 [WARN] PackLoader:240 - Cannot read IP mode file for STMicroelectronics.X-CUBE-SFXS2LP1.4.0.0
2026-01-01 01:02:23,971 [ERROR] Engine:466 - /home/ziad/.stm32cubemx/thirdparties/pdsc/STMicroelectronics.X-CUBE-BLEMGR.4.1.0.pdsc: PDSC version is not supported
2026-01-01 01:02:24,014 [WARN] ConditionMgr:438 - getConditionDescription Invalid condition id : UX DEVICE CLASS RTOS Condition cause : null
2026-01-01 01:02:24,015 [WARN] ConditionMgr:438 - getConditionDescription Invalid condition id : UX DEVICE CLASS RTOS Condition cause : null
2026-01-01 01:02:24,022 [WARN] PackLoader:240 - Cannot read IP mode file for STMicroelectronics.X-CUBE-AZRTOS-WB.2.0.0
2026-01-01 01:02:24,023 [WARN] ConditionMgr:1039 - genDependencies : Invalid condition id : UX DEVICE CLASS RTOS Condition cause : null
2026-01-01 01:02:24,023 [WARN] ConditionMgr:1039 - genDependencies : Invalid condition id : UX DEVICE CLASS RTOS Condition cause : null
2026-01-01 01:02:24,027 [WARN] ConditionMgr:1039 - genDependencies : Invalid condition id : UX DEVICE CLASS RTOS Condition cause : null
2026-01-01 01:02:24,027 [WARN] ConditionMgr:1039 - genDependencies : Invalid condition id : UX DEVICE CLASS RTOS Condition cause : null
2026-01-01 01:02:24,028 [WARN] ConditionMgr:1039 - genDependencies : Invalid condition id : UX DEVICE CLASS RTOS Condition cause : null
2026-01-01 01:02:24,034 [ERROR] Engine:466 - /home/ziad/.stm32cubemx/thirdparties/pdsc/quantropi.X-CUBE-qispace-sdk-base.2.1.0.pdsc: PDSC version is not supported
2026-01-01 01:02:24,061 [WARN] PackLoader:240 - Cannot read IP mode file for STMicroelectronics.X-CUBE-SUBG2.5.0.0
2026-01-01 01:02:24,133 [WARN] PackLoader:240 - Cannot read IP mode file for STMicroelectronics.X-CUBE-AZRTOS-G4.2.0.0
2026-01-01 01:02:24,144 [WARN] PackLoader:240 - Cannot read IP mode file for wolfSSL.I-CUBE-wolfSSH.1.4.20
2026-01-01 01:02:24,156 [WARN] PackLoader:240 - Cannot read IP mode file for STMicroelectronics.X-CUBE-NFC7.2.0.0
2026-01-01 01:02:24,165 [WARN] PackLoader:240 - Cannot read IP mode file for STMicroelectronics.X-CUBE-ALS.1.0.2
2026-01-01 01:02:24,187 [WARN] PackLoader:240 - Cannot read IP mode file for STMicroelectronics.X-CUBE-STSE01.1.0.0
2026-01-01 01:02:24,212 [ERROR] Engine:466 - /home/ziad/.stm32cubemx/thirdparties/pdsc/STMicroelectronics.X-CUBE-TOF1.3.4.3.pdsc: PDSC version is not supported
2026-01-01 01:02:24,213 [INFO] ThirdParty:978 - Integrity check success = true
2026-01-01 01:02:24,213 [INFO] IntegrityCheckThread:100 - exiting critical section [integrity check]
2026-01-01 01:02:24,213 [INFO] IntegrityCheckThread:103 - End integrity checks thread
2026-01-01 01:02:27,174 [INFO] ApiDb:240 - Found 297 in-development CPN: [B-G473E-ZEST1S, B-WB1M-WPAN1, B-WL5M-SUBG1, NUCLEO-C031C6, NUCLEO-H503RB, NUCLEO-H563ZI, NUCLEO-U545RE-Q, NUCLEO-U5A5ZJ-Q, NUCLEO-WBA52CG, STEVAL-PROTEUS1, STEVAL-STWINBX1, STM320518-EVAL, STM32C0116-DK, STM32C011D6Y3TR, STM32C011D6Y6TR, STM32C011F4P3, STM32C011F4P6, STM32C011F4U3, STM32C011F4U6TR, STM32C011F6P3, STM32C011F6P6, STM32C011F6U3, STM32C011F6U6TR, STM32C011J4M3, STM32C011J4M6, STM32C011J6M3, STM32C011J6M6, STM32C0316-DK, STM32C031C4T3, STM32C031C4T6, STM32C031C4U3, STM32C031C4U6, STM32C031C6T3, STM32C031C6T6, STM32C031C6U3, STM32C031C6U6, STM32C031F4P3, STM32C031F4P6, STM32C031F6P3, STM32C031F6P6, STM32C031G4U3, STM32C031G4U6, STM32C031G6U3, STM32C031G6U6, STM32C031K4T3, STM32C031K4T6, STM32C031K4U3, STM32C031K4U6, STM32C031K6T3, STM32C031K6T6, STM32C031K6U3, STM32C031K6U6, STM32G071K8TXN, STM32G071K8UXN, STM32G081GBU6N, STM32G081KBT6N, STM32G081KBUXN, STM32G0B1CCT6N, STM32G0B1KCT6, STM32G0B1NEY6TR, STM32G0B1RCT6N, STM32G0C1CCT6, STM32G0C1CCT6N, STM32G0C1CCU6N, STM32G0C1CET6N, STM32G0C1CEU6N, STM32G0C1KCT6, STM32G0C1NEY6TR, STM32G0C1RCI6N, STM32G0C1RCT6N, STM32G0C1REI6N, STM32G0C1RET6N, STM32G0C1VCI6, STM32G0C1VEI6, STM32G471CCT6, STM32G471CCU6, STM32G471CET3, STM32G471CET6, STM32G471CEU3, STM32G471CEU6, STM32G471MCT6, STM32G471MET3, STM32G471MET6, STM32G471MEY6TR, STM32G471QCT6, STM32G471QET3, STM32G471RCT6, STM32G471RET3, STM32G471RET6, STM32G471VCH6, STM32G471VCI6, STM32G471VCT6, STM32G471VEH3, STM32G471VEH6, STM32G471VEI3, STM32G471VEI6, STM32G471VET3, STM32G471VET6, STM32G474CCT6, STM32H503CBT6, STM32H503CBU6, STM32H503EBY6TR, STM32H503KBU6, STM32H503RBT6, STM32H562AGI6, STM32H562AII6, STM32H562IGK6, STM32H562IGT6, STM32H562IIK6, STM32H562IIT6, STM32H562RGT6, STM32H562RGV6, STM32H562RIT6, STM32H562RIV6, STM32H562VGT6, STM32H562VIT6, STM32H562ZGT6, STM32H562ZIT6, STM32H563AGI6, STM32H563AII3Q, STM32H563AII6, STM32H563IGK6, STM32H563IGT6, STM32H563IIK3Q, STM32H563IIK6, STM32H563IIT3Q, STM32H563IIT6, STM32H563MIY3QTR, STM32H563RGT6, STM32H563RGV6, STM32H563RIT6, STM32H563RIV6, STM32H563VGT6, STM32H563VIT3Q, STM32H563VIT6, STM32H563ZGT6, STM32H563ZIT3Q, STM32H563ZIT6, STM32H573AII3Q, STM32H573AII6, STM32H573I-DK, STM32H573IIK3Q, STM32H573IIK6, STM32H573IIT3Q, STM32H573IIT6, STM32H573MIY3QTR, STM32H573RIT6, STM32H573RIV6, STM32H573VIT3Q, STM32H573VIT6, STM32H573ZIT3Q, STM32H573ZIT6, STM32L4R5QGI6STR, STM32MP131AAE3, STM32MP131AAF3, STM32MP131AAG3, STM32MP131CAE3, STM32MP131CAF3, STM32MP131CAG3, STM32MP131DAE7, STM32MP131DAF7, STM32MP131DAG7, STM32MP131FAE7, STM32MP131FAF7, STM32MP131FAG7, STM32MP133AAE3, STM32MP133AAF3, STM32MP133AAG3, STM32MP133CAE3, STM32MP133CAF3, STM32MP133CAG3, STM32MP133DAE7, STM32MP133DAF7, STM32MP133DAG7, STM32MP133FAE7, STM32MP133FAF7, STM32MP133FAG7, STM32MP135AAE3, STM32MP135AAF3, STM32MP135AAG3, STM32MP135CAE3, STM32MP135CAF3, STM32MP135CAG3, STM32MP135DAE7, STM32MP135DAF7, STM32MP135DAG7, STM32MP135F-DK, STM32MP135FAE7, STM32MP135FAF7, STM32MP135FAF7T, STM32MP135FAF7U, STM32MP135FAG7, STM32U535CBT6, STM32U535CBT6Q, STM32U535CBU6, STM32U535CBU6Q, STM32U535CCT6, STM32U535CCT6Q, STM32U535CCU6, STM32U535CCU6Q, STM32U535CET6, STM32U535CET6Q, STM32U535CEU6, STM32U535CEU6Q, STM32U535JEY6QTR, STM32U535NCY6QTR, STM32U535NEY6QTR, STM32U535RBI6, STM32U535RBI6Q, STM32U535RBT6, STM32U535RBT6Q, STM32U535RCI6, STM32U535RCI6Q, STM32U535RCT6, STM32U535RCT6Q, STM32U535REI6, STM32U535REI6Q, STM32U535RET6, STM32U535RET6Q, STM32U535VCI6, STM32U535VCI6Q, STM32U535VCT6, STM32U535VCT6Q, STM32U535VEI6, STM32U535VEI6Q, STM32U535VET6, STM32U535VET6Q, STM32U545CET6, STM32U545CET6Q, STM32U545CEU6, STM32U545CEU6Q, STM32U545JEY6QTR, STM32U545NEY6QTR, STM32U545REI6, STM32U545REI6Q, STM32U545RET6, STM32U545RET6Q, STM32U545VEI6, STM32U545VEI6Q, STM32U545VET6, STM32U545VET6Q, STM32U595AIH6, STM32U595AIH6Q, STM32U595AJH6, STM32U595AJH6Q, STM32U595QII6, STM32U595QII6Q, STM32U595QJI6, STM32U595QJI6Q, STM32U595RIT6, STM32U595RIT6Q, STM32U595RJT6, STM32U595RJT6Q, STM32U595VIT6, STM32U595VIT6Q, STM32U595VJT6, STM32U595VJT6Q, STM32U595ZIT6, STM32U595ZIT6Q, STM32U595ZIY6QTR, STM32U595ZJT6, STM32U595ZJT6Q, STM32U595ZJY6QTR, STM32U599BJY6QTR, STM32U599NIH6Q, STM32U599NJH6Q, STM32U599VIT6Q, STM32U599VJT6, STM32U599VJT6Q, STM32U599ZIT6Q, STM32U599ZIY6QTR, STM32U599ZJT6Q, STM32U599ZJY6QTR, STM32U5A5AJH6, STM32U5A5AJH6Q, STM32U5A5QJI6, STM32U5A5QJI6Q, STM32U5A5RJT6, STM32U5A5RJT6Q, STM32U5A5VJT6, STM32U5A5VJT6Q, STM32U5A5ZJT6, STM32U5A5ZJT6Q, STM32U5A5ZJY6QTR, STM32U5A9BJY6QTR, STM32U5A9J-DK, STM32U5A9NJH6Q, STM32U5A9VJT6Q, STM32U5A9ZJT6Q, STM32U5A9ZJY6QTR, STM32WB1MMCH6, STM32WBA52CEU6, STM32WBA52CEU6T, STM32WBA52CGU6, STM32WBA52CGU6T, STM32WL5MOCH6, STM32WL5MOCH6TR]
2026-01-01 01:02:27,182 [INFO] DbMcus:216 - Found 4794 MCUs, 4794 are supported
2026-01-01 01:02:27,190 [INFO] ApiDb:423 - Load user favorites file /home/ziad/.stm32cubeide/favorites.mcus.txt: 2 item(s)
2026-01-01 01:02:27,190 [INFO] ApiDb:427 - User favorites MCUs=[STM32F103C8T6, STM32F405RGT6]
2026-01-01 01:02:27,190 [INFO] DbMcus:222 - Set 2 / 2 favorites MCUs
2026-01-01 01:02:29,361 [INFO] ApiDb:668 - CubeFinder database Data Model version=2.1
2026-01-01 01:02:29,361 [INFO] ApiDb:669 - CubeFinder database Configuration version=3.0.39
2026-01-01 01:02:29,361 [INFO] ApiDb:670 - CubeFinder database generation date=2025-12-22 (1766407740)
2026-01-01 01:02:29,362 [INFO] ApiDb:671 - CubeFinder database FW Pack versions=[FP-ATR-ASTRA1_V2.0.0, FP-SNS-FLIGHT1_V5.1.0, FP-SNS-MOTENV1_V5.1.0, FP-SNS-MOTENVWB1_V1.4.0, FP-SNS-SMARTAG2_V1.2.0, FP-SNS-STBOX1_V2.1.0, STM32Cube_FW_C0_V1.4.0, STM32Cube_FW_F4_V1.28.3, STM32Cube_FW_F7_V1.17.4, STM32Cube_FW_G0_V1.6.2, STM32Cube_FW_G4_V1.6.1, STM32Cube_FW_H5_V1.5.1, STM32Cube_FW_H7RS_V1.3.0, STM32Cube_FW_H7_V1.12.1, STM32Cube_FW_L0_V1.12.2, STM32Cube_FW_L4_V1.18.1, STM32Cube_FW_L5_V1.6.0, STM32Cube_FW_N6_V1.3.0, STM32Cube_FW_U0_V1.3.0, STM32Cube_FW_U3_V1.2.1, STM32Cube_FW_U5_V1.8.0, STM32Cube_FW_WB0_V1.4.0, STM32Cube_FW_WBA_V1.8.0, STM32Cube_FW_WB_V1.24.0, STM32Cube_FW_WL3_V1.3.0, STM32Cube_FW_WL_V1.4.0, X-CUBE-ALGOBUILD_V1.4.0, X-CUBE-ALS_V1.0.2, X-CUBE-AZRTOS-F4_V1.1.0, X-CUBE-AZRTOS-F7_V1.1.0, X-CUBE-AZRTOS-G0_V1.1.0, X-CUBE-AZRTOS-G4_V2.0.0, X-CUBE-AZRTOS-H7RS_V1.1.0, X-CUBE-AZRTOS-H7_V3.4.0, X-CUBE-AZRTOS-L4_V2.0.0, X-CUBE-AZRTOS-L5_V2.0.0, X-CUBE-AZRTOS-WB_V2.0.0, X-CUBE-AZRTOS-WL_V2.0.0, X-CUBE-BLE1_V7.1.0, X-CUBE-BLE2_V3.3.0, X-CUBE-BLEMGR_V4.1.0, X-CUBE-EEPRMA1_V5.2.0, X-CUBE-FREERTOS_V1.3.1, X-CUBE-GNSS1_V6.0.0, X-CUBE-MEMS1_V12.0.0, X-CUBE-NFC4_V3.0.0, X-CUBE-NFC7_V2.0.0, X-CUBE-SFXS2LP1_V4.0.0, X-CUBE-ST67W61_V1.1.0, X-CUBE-SUBG2_V5.0.0, X-CUBE-TOF1_V3.4.3]
2026-01-01 01:02:29,571 [INFO] DbBoardsSqlite:226 - include board P-NUCLEO-WB55-NUCLEO as a kit item of type 'Nucleo-64'
2026-01-01 01:02:29,571 [INFO] DbBoardsSqlite:226 - include board P-NUCLEO-WB55-USBDONGLE as a kit item of type 'Nucleo USB Dongle'
2026-01-01 01:02:29,572 [INFO] DbBoardsSqlite:226 - include board STEVAL-IDP005V1 as a kit item of type 'Evaluation Board'
2026-01-01 01:02:29,573 [INFO] DbBoardsSqlite:226 - include board STEVAL-IDP005V2 as a kit item of type 'Evaluation Board'
2026-01-01 01:02:29,687 [INFO] ApiDb:240 - Found 297 in-development CPN: [B-G473E-ZEST1S, B-WB1M-WPAN1, B-WL5M-SUBG1, NUCLEO-C031C6, NUCLEO-H503RB, NUCLEO-H563ZI, NUCLEO-U545RE-Q, NUCLEO-U5A5ZJ-Q, NUCLEO-WBA52CG, STEVAL-PROTEUS1, STEVAL-STWINBX1, STM320518-EVAL, STM32C0116-DK, STM32C011D6Y3TR, STM32C011D6Y6TR, STM32C011F4P3, STM32C011F4P6, STM32C011F4U3, STM32C011F4U6TR, STM32C011F6P3, STM32C011F6P6, STM32C011F6U3, STM32C011F6U6TR, STM32C011J4M3, STM32C011J4M6, STM32C011J6M3, STM32C011J6M6, STM32C0316-DK, STM32C031C4T3, STM32C031C4T6, STM32C031C4U3, STM32C031C4U6, STM32C031C6T3, STM32C031C6T6, STM32C031C6U3, STM32C031C6U6, STM32C031F4P3, STM32C031F4P6, STM32C031F6P3, STM32C031F6P6, STM32C031G4U3, STM32C031G4U6, STM32C031G6U3, STM32C031G6U6, STM32C031K4T3, STM32C031K4T6, STM32C031K4U3, STM32C031K4U6, STM32C031K6T3, STM32C031K6T6, STM32C031K6U3, STM32C031K6U6, STM32G071K8TXN, STM32G071K8UXN, STM32G081GBU6N, STM32G081KBT6N, STM32G081KBUXN, STM32G0B1CCT6N, STM32G0B1KCT6, STM32G0B1NEY6TR, STM32G0B1RCT6N, STM32G0C1CCT6, STM32G0C1CCT6N, STM32G0C1CCU6N, STM32G0C1CET6N, STM32G0C1CEU6N, STM32G0C1KCT6, STM32G0C1NEY6TR, STM32G0C1RCI6N, STM32G0C1RCT6N, STM32G0C1REI6N, STM32G0C1RET6N, STM32G0C1VCI6, STM32G0C1VEI6, STM32G471CCT6, STM32G471CCU6, STM32G471CET3, STM32G471CET6, STM32G471CEU3, STM32G471CEU6, STM32G471MCT6, STM32G471MET3, STM32G471MET6, STM32G471MEY6TR, STM32G471QCT6, STM32G471QET3, STM32G471RCT6, STM32G471RET3, STM32G471RET6, STM32G471VCH6, STM32G471VCI6, STM32G471VCT6, STM32G471VEH3, STM32G471VEH6, STM32G471VEI3, STM32G471VEI6, STM32G471VET3, STM32G471VET6, STM32G474CCT6, STM32H503CBT6, STM32H503CBU6, STM32H503EBY6TR, STM32H503KBU6, STM32H503RBT6, STM32H562AGI6, STM32H562AII6, STM32H562IGK6, STM32H562IGT6, STM32H562IIK6, STM32H562IIT6, STM32H562RGT6, STM32H562RGV6, STM32H562RIT6, STM32H562RIV6, STM32H562VGT6, STM32H562VIT6, STM32H562ZGT6, STM32H562ZIT6, STM32H563AGI6, STM32H563AII3Q, STM32H563AII6, STM32H563IGK6, STM32H563IGT6, STM32H563IIK3Q, STM32H563IIK6, STM32H563IIT3Q, STM32H563IIT6, STM32H563MIY3QTR, STM32H563RGT6, STM32H563RGV6, STM32H563RIT6, STM32H563RIV6, STM32H563VGT6, STM32H563VIT3Q, STM32H563VIT6, STM32H563ZGT6, STM32H563ZIT3Q, STM32H563ZIT6, STM32H573AII3Q, STM32H573AII6, STM32H573I-DK, STM32H573IIK3Q, STM32H573IIK6, STM32H573IIT3Q, STM32H573IIT6, STM32H573MIY3QTR, STM32H573RIT6, STM32H573RIV6, STM32H573VIT3Q, STM32H573VIT6, STM32H573ZIT3Q, STM32H573ZIT6, STM32L4R5QGI6STR, STM32MP131AAE3, STM32MP131AAF3, STM32MP131AAG3, STM32MP131CAE3, STM32MP131CAF3, STM32MP131CAG3, STM32MP131DAE7, STM32MP131DAF7, STM32MP131DAG7, STM32MP131FAE7, STM32MP131FAF7, STM32MP131FAG7, STM32MP133AAE3, STM32MP133AAF3, STM32MP133AAG3, STM32MP133CAE3, STM32MP133CAF3, STM32MP133CAG3, STM32MP133DAE7, STM32MP133DAF7, STM32MP133DAG7, STM32MP133FAE7, STM32MP133FAF7, STM32MP133FAG7, STM32MP135AAE3, STM32MP135AAF3, STM32MP135AAG3, STM32MP135CAE3, STM32MP135CAF3, STM32MP135CAG3, STM32MP135DAE7, STM32MP135DAF7, STM32MP135DAG7, STM32MP135F-DK, STM32MP135FAE7, STM32MP135FAF7, STM32MP135FAF7T, STM32MP135FAF7U, STM32MP135FAG7, STM32U535CBT6, STM32U535CBT6Q, STM32U535CBU6, STM32U535CBU6Q, STM32U535CCT6, STM32U535CCT6Q, STM32U535CCU6, STM32U535CCU6Q, STM32U535CET6, STM32U535CET6Q, STM32U535CEU6, STM32U535CEU6Q, STM32U535JEY6QTR, STM32U535NCY6QTR, STM32U535NEY6QTR, STM32U535RBI6, STM32U535RBI6Q, STM32U535RBT6, STM32U535RBT6Q, STM32U535RCI6, STM32U535RCI6Q, STM32U535RCT6, STM32U535RCT6Q, STM32U535REI6, STM32U535REI6Q, STM32U535RET6, STM32U535RET6Q, STM32U535VCI6, STM32U535VCI6Q, STM32U535VCT6, STM32U535VCT6Q, STM32U535VEI6, STM32U535VEI6Q, STM32U535VET6, STM32U535VET6Q, STM32U545CET6, STM32U545CET6Q, STM32U545CEU6, STM32U545CEU6Q, STM32U545JEY6QTR, STM32U545NEY6QTR, STM32U545REI6, STM32U545REI6Q, STM32U545RET6, STM32U545RET6Q, STM32U545VEI6, STM32U545VEI6Q, STM32U545VET6, STM32U545VET6Q, STM32U595AIH6, STM32U595AIH6Q, STM32U595AJH6, STM32U595AJH6Q, STM32U595QII6, STM32U595QII6Q, STM32U595QJI6, STM32U595QJI6Q, STM32U595RIT6, STM32U595RIT6Q, STM32U595RJT6, STM32U595RJT6Q, STM32U595VIT6, STM32U595VIT6Q, STM32U595VJT6, STM32U595VJT6Q, STM32U595ZIT6, STM32U595ZIT6Q, STM32U595ZIY6QTR, STM32U595ZJT6, STM32U595ZJT6Q, STM32U595ZJY6QTR, STM32U599BJY6QTR, STM32U599NIH6Q, STM32U599NJH6Q, STM32U599VIT6Q, STM32U599VJT6, STM32U599VJT6Q, STM32U599ZIT6Q, STM32U599ZIY6QTR, STM32U599ZJT6Q, STM32U599ZJY6QTR, STM32U5A5AJH6, STM32U5A5AJH6Q, STM32U5A5QJI6, STM32U5A5QJI6Q, STM32U5A5RJT6, STM32U5A5RJT6Q, STM32U5A5VJT6, STM32U5A5VJT6Q, STM32U5A5ZJT6, STM32U5A5ZJT6Q, STM32U5A5ZJY6QTR, STM32U5A9BJY6QTR, STM32U5A9J-DK, STM32U5A9NJH6Q, STM32U5A9VJT6Q, STM32U5A9ZJT6Q, STM32U5A9ZJY6QTR, STM32WB1MMCH6, STM32WBA52CEU6, STM32WBA52CEU6T, STM32WBA52CGU6, STM32WBA52CGU6T, STM32WL5MOCH6, STM32WL5MOCH6TR]
2026-01-01 01:02:29,769 [INFO] BoardInfo:880 - No configuration file found for board B-WBA5M-WPAN
2026-01-01 01:02:29,769 [INFO] DbBoards:157 - Board is not supported: B-WBA5M-WPAN
2026-01-01 01:02:29,781 [INFO] BoardInfo:880 - No configuration file found for board NUCLEO-C051C8
2026-01-01 01:02:29,782 [INFO] DbBoards:157 - Board is not supported: NUCLEO-C051C8
2026-01-01 01:02:29,793 [INFO] BoardInfo:880 - No configuration file found for board NUCLEO-C071RB
2026-01-01 01:02:29,793 [INFO] DbBoards:157 - Board is not supported: NUCLEO-C071RB
2026-01-01 01:02:29,796 [INFO] BoardInfo:880 - No configuration file found for board NUCLEO-C092RC
2026-01-01 01:02:29,800 [INFO] DbBoards:157 - Board is not supported: NUCLEO-C092RC
2026-01-01 01:02:30,020 [INFO] BoardInfo:880 - No configuration file found for board NUCLEO-H533RE
2026-01-01 01:02:30,020 [INFO] DbBoards:157 - Board is not supported: NUCLEO-H533RE
2026-01-01 01:02:30,115 [INFO] BoardInfo:880 - No configuration file found for board NUCLEO-H7S3L8
2026-01-01 01:02:30,115 [INFO] DbBoards:157 - Board is not supported: NUCLEO-H7S3L8
2026-01-01 01:02:30,240 [INFO] BoardInfo:880 - No configuration file found for board NUCLEO-N657X0-Q
2026-01-01 01:02:30,240 [INFO] DbBoards:157 - Board is not supported: NUCLEO-N657X0-Q
2026-01-01 01:02:30,242 [INFO] BoardInfo:880 - No configuration file found for board NUCLEO-U031R8
2026-01-01 01:02:30,242 [INFO] DbBoards:157 - Board is not supported: NUCLEO-U031R8
2026-01-01 01:02:30,250 [INFO] BoardInfo:880 - No configuration file found for board NUCLEO-U083RC
2026-01-01 01:02:30,251 [INFO] DbBoards:157 - Board is not supported: NUCLEO-U083RC
2026-01-01 01:02:30,259 [INFO] BoardInfo:880 - No configuration file found for board NUCLEO-U385RG-Q
2026-01-01 01:02:30,259 [INFO] DbBoards:157 - Board is not supported: NUCLEO-U385RG-Q
2026-01-01 01:02:30,286 [INFO] BoardInfo:880 - No configuration file found for board NUCLEO-WB05KZ
2026-01-01 01:02:30,286 [INFO] DbBoards:157 - Board is not supported: NUCLEO-WB05KZ
2026-01-01 01:02:30,298 [INFO] BoardInfo:880 - No configuration file found for board NUCLEO-WB07CC
2026-01-01 01:02:30,298 [INFO] DbBoards:157 - Board is not supported: NUCLEO-WB07CC
2026-01-01 01:02:30,300 [INFO] BoardInfo:880 - No configuration file found for board NUCLEO-WB09KE
2026-01-01 01:02:30,300 [INFO] DbBoards:157 - Board is not supported: NUCLEO-WB09KE
2026-01-01 01:02:30,322 [INFO] BoardInfo:880 - No configuration file found for board NUCLEO-WBA55CG
2026-01-01 01:02:30,322 [INFO] DbBoards:157 - Board is not supported: NUCLEO-WBA55CG
2026-01-01 01:02:30,328 [INFO] BoardInfo:880 - No configuration file found for board NUCLEO-WBA65RI
2026-01-01 01:02:30,328 [INFO] DbBoards:157 - Board is not supported: NUCLEO-WBA65RI
2026-01-01 01:02:30,332 [INFO] BoardInfo:880 - No configuration file found for board NUCLEO-WL33CC1
2026-01-01 01:02:30,333 [INFO] DbBoards:157 - Board is not supported: NUCLEO-WL33CC1
2026-01-01 01:02:30,338 [INFO] BoardInfo:880 - No configuration file found for board NUCLEO-WL33CC2
2026-01-01 01:02:30,338 [INFO] DbBoards:157 - Board is not supported: NUCLEO-WL33CC2
2026-01-01 01:02:30,355 [INFO] BoardInfo:880 - No configuration file found for board P-NUCLEO-WB55
2026-01-01 01:02:30,355 [INFO] DbBoards:157 - Kit is not supported: P-NUCLEO-WB55
2026-01-01 01:02:30,376 [INFO] BoardInfo:880 - No configuration file found for board STEVAL-BFA001V1B
2026-01-01 01:02:30,376 [INFO] DbBoards:157 - Kit is not supported: STEVAL-BFA001V1B
2026-01-01 01:02:30,378 [INFO] BoardInfo:880 - No configuration file found for board STEVAL-BFA001V2B
2026-01-01 01:02:30,378 [INFO] DbBoards:157 - Kit is not supported: STEVAL-BFA001V2B
2026-01-01 01:02:30,400 [INFO] BoardInfo:880 - No configuration file found for board STEVAL-MKBOXPRO
2026-01-01 01:02:30,406 [INFO] DbBoards:157 - Board is not supported: STEVAL-MKBOXPRO
2026-01-01 01:02:30,426 [INFO] BoardInfo:880 - No configuration file found for board STEVAL-SMARTAG2
2026-01-01 01:02:30,426 [INFO] DbBoards:157 - Board is not supported: STEVAL-SMARTAG2
2026-01-01 01:02:30,724 [INFO] BoardInfo:880 - No configuration file found for board STM32H7S78-DK
2026-01-01 01:02:30,724 [INFO] DbBoards:157 - Board is not supported: STM32H7S78-DK
2026-01-01 01:02:30,770 [INFO] BoardInfo:880 - No configuration file found for board STM32MP257F-DK
2026-01-01 01:02:30,770 [INFO] DbBoards:157 - Board is not supported: STM32MP257F-DK
2026-01-01 01:02:30,773 [INFO] BoardInfo:880 - No configuration file found for board STM32MP257F-EV1
2026-01-01 01:02:30,773 [INFO] DbBoards:157 - Board is not supported: STM32MP257F-EV1
2026-01-01 01:02:30,776 [INFO] BoardInfo:880 - No configuration file found for board STM32N6570-DK
2026-01-01 01:02:30,776 [INFO] DbBoards:157 - Board is not supported: STM32N6570-DK
2026-01-01 01:02:30,781 [INFO] BoardInfo:880 - No configuration file found for board STM32U083C-DK
2026-01-01 01:02:30,781 [INFO] DbBoards:157 - Board is not supported: STM32U083C-DK
2026-01-01 01:02:30,792 [INFO] BoardInfo:880 - No configuration file found for board STM32U5G9J-DK1
2026-01-01 01:02:30,792 [INFO] DbBoards:157 - Board is not supported: STM32U5G9J-DK1
2026-01-01 01:02:30,794 [INFO] BoardInfo:880 - No configuration file found for board STM32U5G9J-DK2
2026-01-01 01:02:30,795 [INFO] DbBoards:157 - Board is not supported: STM32U5G9J-DK2
2026-01-01 01:02:30,817 [INFO] BoardInfo:880 - No configuration file found for board STM32WBA55G-DK1
2026-01-01 01:02:30,817 [INFO] DbBoards:157 - Board is not supported: STM32WBA55G-DK1
2026-01-01 01:02:30,823 [INFO] BoardInfo:880 - No configuration file found for board STM32WBA65I-DK1
2026-01-01 01:02:30,823 [INFO] DbBoards:157 - Board is not supported: STM32WBA65I-DK1
2026-01-01 01:02:30,824 [INFO] DbBoards:161 - Found 211 boards, 180 are supported
2026-01-01 01:02:30,840 [INFO] ApiDb:423 - Load user favorites file /home/ziad/.stm32cubeide/favorites.boards.txt: 1 item(s)
2026-01-01 01:02:30,840 [INFO] ApiDb:427 - User favorites Boards=[NUCLEO-F401RE]
2026-01-01 01:02:30,840 [INFO] DbBoards:190 - Set 1 / 1 favorites Boards
2026-01-01 01:02:30,849 [INFO] ApiDb:668 - CubeFinder database Data Model version=2.1
2026-01-01 01:02:30,849 [INFO] ApiDb:669 - CubeFinder database Configuration version=3.0.39
2026-01-01 01:02:30,849 [INFO] ApiDb:670 - CubeFinder database generation date=2025-12-22 (1766407740)
2026-01-01 01:02:30,850 [INFO] ApiDb:671 - CubeFinder database FW Pack versions=[FP-ATR-ASTRA1_V2.0.0, FP-SNS-FLIGHT1_V5.1.0, FP-SNS-MOTENV1_V5.1.0, FP-SNS-MOTENVWB1_V1.4.0, FP-SNS-SMARTAG2_V1.2.0, FP-SNS-STBOX1_V2.1.0, STM32Cube_FW_C0_V1.4.0, STM32Cube_FW_F4_V1.28.3, STM32Cube_FW_F7_V1.17.4, STM32Cube_FW_G0_V1.6.2, STM32Cube_FW_G4_V1.6.1, STM32Cube_FW_H5_V1.5.1, STM32Cube_FW_H7RS_V1.3.0, STM32Cube_FW_H7_V1.12.1, STM32Cube_FW_L0_V1.12.2, STM32Cube_FW_L4_V1.18.1, STM32Cube_FW_L5_V1.6.0, STM32Cube_FW_N6_V1.3.0, STM32Cube_FW_U0_V1.3.0, STM32Cube_FW_U3_V1.2.1, STM32Cube_FW_U5_V1.8.0, STM32Cube_FW_WB0_V1.4.0, STM32Cube_FW_WBA_V1.8.0, STM32Cube_FW_WB_V1.24.0, STM32Cube_FW_WL3_V1.3.0, STM32Cube_FW_WL_V1.4.0, X-CUBE-ALGOBUILD_V1.4.0, X-CUBE-ALS_V1.0.2, X-CUBE-AZRTOS-F4_V1.1.0, X-CUBE-AZRTOS-F7_V1.1.0, X-CUBE-AZRTOS-G0_V1.1.0, X-CUBE-AZRTOS-G4_V2.0.0, X-CUBE-AZRTOS-H7RS_V1.1.0, X-CUBE-AZRTOS-H7_V3.4.0, X-CUBE-AZRTOS-L4_V2.0.0, X-CUBE-AZRTOS-L5_V2.0.0, X-CUBE-AZRTOS-WB_V2.0.0, X-CUBE-AZRTOS-WL_V2.0.0, X-CUBE-BLE1_V7.1.0, X-CUBE-BLE2_V3.3.0, X-CUBE-BLEMGR_V4.1.0, X-CUBE-EEPRMA1_V5.2.0, X-CUBE-FREERTOS_V1.3.1, X-CUBE-GNSS1_V6.0.0, X-CUBE-MEMS1_V12.0.0, X-CUBE-NFC4_V3.0.0, X-CUBE-NFC7_V2.0.0, X-CUBE-SFXS2LP1_V4.0.0, X-CUBE-ST67W61_V1.1.0, X-CUBE-SUBG2_V5.0.0, X-CUBE-TOF1_V3.4.3]
2026-01-01 01:02:34,435 [ERROR] DbExamplesSqlite:418 - Missing JSON key: board_cpn
2026-01-01 01:02:34,439 [ERROR] DbExamplesSqlite:418 - Missing JSON key: board_cpn
2026-01-01 01:02:34,439 [ERROR] DbExamplesSqlite:418 - Missing JSON key: board_cpn
2026-01-01 01:02:34,440 [ERROR] DbExamplesSqlite:418 - Missing JSON key: board_cpn
2026-01-01 01:02:37,324 [ERROR] DbExamplesSqlite:418 - Missing JSON key: board_cpn
2026-01-01 01:02:37,325 [ERROR] DbExamplesSqlite:418 - Missing JSON key: board_cpn
2026-01-01 01:02:37,494 [INFO] DbExamplesSqlite:376 - Ignored 42 examples not supported by CubeIDE
2026-01-01 01:02:37,495 [INFO] DbExamplesSqlite:377 - Found 10819 examples active
2026-01-01 01:02:37,495 [INFO] DbExamplesSqlite:378 - Found 0 examples obsolete
2026-01-01 01:02:37,496 [INFO] DbExamplesSqlite:379 - Found 0 examples under development
2026-01-01 01:02:37,496 [INFO] DbExamplesSqlite:380 - Found 85 examples not building
2026-01-01 01:02:37,513 [INFO] DbExamples:125 - Found 10862 examples
2026-01-01 01:02:38,299 [ERROR] DbExamples:208 - Found 73 examples with invalid data (board or MCU)
2026-01-01 01:02:38,299 [INFO] DbExamples:222 - Found 134 boards with related examples
2026-01-01 01:02:38,593 [INFO] DbExamples:235 - Found 111 MCUs with related examples
2026-01-01 01:02:38,675 [INFO] ApiDb:414 - User favorites file not found: /home/ziad/.stm32cubeide/favorites.examples.txt
2026-01-01 01:02:38,675 [INFO] DbExamples:250 - Set 0 / 0 favorites Examples
2026-01-01 01:02:39,411 [INFO] McuFinderGlobals:66 - Set McuFinderConnectedMode to true
2026-01-01 01:02:39,481 [INFO] MultiScanPanel:200 - Auto-refresh data requested => check proxy status ongoing
2026-01-01 01:02:39,499 [INFO] FinderPluginLoader:95 - Searching for filters in installed packs
2026-01-01 01:02:50,668 [INFO] LoadUrlFilesThread:185 - End of LoadServerUrlFiles without Thread
2026-01-01 01:02:51,081 [INFO] DetailPanel:341 - Set advertising image to /home/ziad/STM32Cube/Repository//en.prom-st67w-expansion-board.png
2026-01-01 01:03:45,178 [INFO] MainUpdater:2854 - connection check result : 10
2026-01-01 01:03:45,178 [INFO] MainUpdater:2854 - connection check result : 10
2026-01-01 01:03:45,265 [INFO] MicroXplorer:468 - Change Database Path : 
2026-01-01 01:03:45,265 [INFO] MicroXplorer:498 - Change Database Version : DB.6.0.80
2026-01-01 01:03:45,265 [WARN] ThirdParty:871 - waiting for thirdparty lock release [close project]
2026-01-01 01:03:45,265 [INFO] ThirdParty:873 - entering critical section [close project]
2026-01-01 01:03:45,266 [INFO] ThirdParty:883 - exiting critical section [close project]
2026-01-01 01:03:45,292 [INFO] PinOutPanel:1499 - setPackage(No Configuration,No Configuration)
2026-01-01 01:03:45,319 [INFO] UtilMem:75 - Begin LoadConfig() Used Memory: 667755624 Bytes (895483904)
2026-01-01 01:03:45,321 [INFO] MicroXplorer:468 - Change Database Path : 
2026-01-01 01:03:45,321 [INFO] MicroXplorer:498 - Change Database Version : DB.6.0.80
2026-01-01 01:03:45,321 [INFO] OpenFileManager:308 - Change cursor
2026-01-01 01:03:45,413 [INFO] Mcu:1937 - Initializing MCU STM32F405RGTx STM32F405RGTx 
2026-01-01 01:03:45,418 [INFO] Mcu:1950 - No CPN specified => set CPN to STM32F405RGT6
2026-01-01 01:03:52,288 [INFO] Context:659 - Trying to add GPIOservice into a context  which must be forbidden
2026-01-01 01:03:53,714 [INFO] ImportTextPane:194 - (OptionalMessage_ERROR) Unable to find key (Mcu.ThirdPartyNb) in loaded IOC file
2026-01-01 01:03:53,715 [INFO] ImportTextPane:194 - (OptionalMessage_ERROR) Unable to find key (Mcu.PinsNb) in loaded IOC file
2026-01-01 01:03:53,724 [INFO] ImportTextPane:194 - (OptionalMessage_ERROR) Unable to find key (Mcu.IPNb) in loaded IOC file
2026-01-01 01:03:54,558 [INFO] RtosManager:555 - Registered RTOS mode: class=CMSIS, group=RTOS, mode=CMSIS_V1, owner=FREERTOS
2026-01-01 01:03:54,559 [INFO] RtosManager:555 - Registered RTOS mode: class=CMSIS, group=RTOS2, mode=CMSIS_V2, owner=FREERTOS
2026-01-01 01:03:54,559 [INFO] RtosManager:555 - Registered RTOS mode: class=RTOS, group=Core, mode=CMSIS_V1, owner=FREERTOS
2026-01-01 01:03:54,559 [INFO] RtosManager:555 - Registered RTOS mode: class=RTOS, group=Core, mode=CMSIS_V2, owner=FREERTOS
2026-01-01 01:03:54,562 [WARN] ModelIntegratedComponent:184 - Missing modes for component STMicroelectronics:FreeRTOS:0.0.1:STMicroelectronics:RTOS:FreeRTOS:Core:::10.2.0:
2026-01-01 01:03:54,657 [WARN] ModelIntegratedComponent:63 - No mode defined for component null
2026-01-01 01:03:54,657 [WARN] ModelIntegratedComponent:63 - No mode defined for component null
2026-01-01 01:03:54,660 [WARN] ModelIntegratedComponent:63 - No mode defined for component null
2026-01-01 01:03:54,660 [WARN] ModelIntegratedComponent:63 - No mode defined for component null
2026-01-01 01:03:54,660 [WARN] ModelIntegratedComponent:63 - No mode defined for component null
2026-01-01 01:03:54,661 [WARN] ModelIntegratedComponent:63 - No mode defined for component null
2026-01-01 01:03:54,661 [WARN] ModelIntegratedComponent:63 - No mode defined for component null
2026-01-01 01:03:54,661 [WARN] ModelIntegratedComponent:63 - No mode defined for component null
2026-01-01 01:03:54,661 [WARN] ModelIntegratedComponent:63 - No mode defined for component null
2026-01-01 01:03:54,661 [WARN] ModelIntegratedComponent:63 - No mode defined for component null
2026-01-01 01:03:54,661 [WARN] ModelIntegratedComponent:63 - No mode defined for component null
2026-01-01 01:03:54,661 [WARN] ModelIntegratedComponent:63 - No mode defined for component null
2026-01-01 01:03:54,662 [WARN] ModelIntegratedComponent:63 - No mode defined for component null
2026-01-01 01:03:54,662 [WARN] ModelIntegratedComponent:63 - No mode defined for component null
2026-01-01 01:03:54,662 [WARN] ModelIntegratedComponent:63 - No mode defined for component null
2026-01-01 01:03:54,664 [WARN] ModelIntegratedComponent:63 - No mode defined for component null
2026-01-01 01:03:54,664 [WARN] ModelIntegratedComponent:63 - No mode defined for component null
2026-01-01 01:03:54,664 [WARN] ModelIntegratedComponent:63 - No mode defined for component null
2026-01-01 01:03:54,665 [WARN] ModelIntegratedComponent:63 - No mode defined for component null
2026-01-01 01:03:54,665 [WARN] ModelIntegratedComponent:63 - No mode defined for component null
2026-01-01 01:03:54,665 [WARN] ModelIntegratedComponent:63 - No mode defined for component null
2026-01-01 01:03:54,665 [WARN] ModelIntegratedComponent:63 - No mode defined for component null
2026-01-01 01:03:54,665 [WARN] ModelIntegratedComponent:63 - No mode defined for component null
2026-01-01 01:03:54,665 [WARN] ModelIntegratedComponent:63 - No mode defined for component null
2026-01-01 01:03:54,665 [WARN] ModelIntegratedComponent:63 - No mode defined for component null
2026-01-01 01:03:54,665 [WARN] ModelIntegratedComponent:63 - No mode defined for component null
2026-01-01 01:03:54,666 [WARN] ModelIntegratedComponent:63 - No mode defined for component null
2026-01-01 01:03:54,666 [WARN] ModelIntegratedComponent:63 - No mode defined for component null
2026-01-01 01:03:54,666 [WARN] ModelIntegratedComponent:63 - No mode defined for component null
2026-01-01 01:03:54,666 [WARN] ModelIntegratedComponent:63 - No mode defined for component null
2026-01-01 01:03:54,666 [WARN] ModelIntegratedComponent:63 - No mode defined for component null
2026-01-01 01:03:54,666 [WARN] ModelIntegratedComponent:63 - No mode defined for component null
2026-01-01 01:03:54,666 [WARN] ModelIntegratedComponent:63 - No mode defined for component null
2026-01-01 01:03:54,823 [INFO] ThirdPartyModel:298 - Start build external matchings
2026-01-01 01:03:55,986 [INFO] ThirdPartyModel:316 - End build external matchings
2026-01-01 01:03:56,954 [INFO] UtilMem:75 - End LoadConfig() Used Memory: 672306984 Bytes (895483904)
2026-01-01 01:03:57,029 [WARN] ThirdParty:833 - waiting for thirdparty lock release [change project]
2026-01-01 01:03:57,030 [INFO] ThirdParty:835 - entering critical section [change project]
2026-01-01 01:03:57,031 [INFO] ThirdParty:1030 - CMSIS Pack Vendor :STMicroelectronics X-CUBE-PM33A1 1.0.0
2026-01-01 01:03:57,031 [INFO] ThirdParty:1030 - CMSIS Pack Vendor :STMicroelectronics X-CUBE-NFC9 1.0.0
2026-01-01 01:03:57,031 [INFO] ThirdParty:1030 - CMSIS Pack Vendor :STMicroelectronics USB_HOST 2.0.0
2026-01-01 01:03:57,032 [INFO] ThirdParty:1030 - CMSIS Pack Vendor :STMicroelectronics FP-SNS-MOTENVWB1 1.4.0
2026-01-01 01:03:57,032 [INFO] ThirdParty:1030 - CMSIS Pack Vendor :STMicroelectronics X-CUBE-AZRTOS-F4 1.1.0
2026-01-01 01:03:57,032 [INFO] ThirdParty:1030 - CMSIS Pack Vendor :STMicroelectronics LIBJPEG 8.0.0
2026-01-01 01:03:57,032 [INFO] ThirdParty:1030 - CMSIS Pack Vendor :STMicroelectronics FP-ATR-ASTRA1 2.0.2
2026-01-01 01:03:57,032 [INFO] ThirdParty:1030 - CMSIS Pack Vendor :wolfSSL I-CUBE-wolfSSL 5.8.2
2026-01-01 01:03:57,032 [INFO] ThirdParty:1030 - CMSIS Pack Vendor :STMicroelectronics X-CUBE-BLE1 7.1.0
2026-01-01 01:03:57,032 [INFO] ThirdParty:1030 - CMSIS Pack Vendor :STMicroelectronics X-CUBE-SMBUS 2.1.0
2026-01-01 01:03:57,032 [INFO] ThirdParty:1030 - CMSIS Pack Vendor :wolfSSL I-CUBE-wolfMQTT 1.19.2
2026-01-01 01:03:57,032 [INFO] ThirdParty:1030 - CMSIS Pack Vendor :STMicroelectronics USB_DEVICE 3.0.0
2026-01-01 01:03:57,032 [INFO] ThirdParty:1030 - CMSIS Pack Vendor :STMicroelectronics X-CUBE-ISPU 2.1.0
2026-01-01 01:03:57,032 [INFO] ThirdParty:1030 - CMSIS Pack Vendor :STMicroelectronics X-CUBE-EEPRMA1 5.2.0
2026-01-01 01:03:57,032 [INFO] ThirdParty:1030 - CMSIS Pack Vendor :STMicroelectronics X-CUBE-AZRTOS-WB 2.0.0
2026-01-01 01:03:57,033 [INFO] ThirdParty:1030 - CMSIS Pack Vendor :STMicroelectronics X-CUBE-NFC12 1.0.0
2026-01-01 01:03:57,036 [INFO] ThirdParty:1030 - CMSIS Pack Vendor :STMicroelectronics X-CUBE-AZRTOS-F7 1.1.0
2026-01-01 01:03:57,036 [INFO] ThirdParty:1030 - CMSIS Pack Vendor :STMicroelectronics X-CUBE-AZRTOS-L5 2.0.0
2026-01-01 01:03:57,036 [INFO] ThirdParty:1030 - CMSIS Pack Vendor :STMicroelectronics USB_DEVICE 2.0.0
2026-01-01 01:03:57,036 [INFO] ThirdParty:1030 - CMSIS Pack Vendor :STMicroelectronics X-CUBE-NFC6 3.1.0
2026-01-01 01:03:57,036 [INFO] ThirdParty:1030 - CMSIS Pack Vendor :STMicroelectronics X-CUBE-MEMS1 12.0.0
2026-01-01 01:03:57,037 [INFO] ThirdParty:1030 - CMSIS Pack Vendor :STMicroelectronics FreeRTOS 0.0.1
2026-01-01 01:03:57,037 [INFO] ThirdParty:1030 - CMSIS Pack Vendor :STMicroelectronics X-CUBE-AZRTOS-G0 1.1.0
2026-01-01 01:03:57,037 [INFO] ThirdParty:1030 - CMSIS Pack Vendor :STMicroelectronics X-CUBE-NFC4 3.0.0
2026-01-01 01:03:57,037 [INFO] ThirdParty:1030 - CMSIS Pack Vendor :STMicroelectronics X-CUBE-SUBG2 5.0.0
2026-01-01 01:03:57,037 [INFO] ThirdParty:1030 - CMSIS Pack Vendor :STMicroelectronics STM32_WPAN 1.0.0
2026-01-01 01:03:57,037 [INFO] ThirdParty:1030 - CMSIS Pack Vendor :STMicroelectronics lwIP 2.0.3
2026-01-01 01:03:57,037 [INFO] ThirdParty:1030 - CMSIS Pack Vendor :STMicroelectronics USB_HOST 1.0.0
2026-01-01 01:03:57,037 [INFO] ThirdParty:1030 - CMSIS Pack Vendor :STMicroelectronics X-CUBE-AZRTOS-G4 2.0.0
2026-01-01 01:03:57,037 [INFO] ThirdParty:1030 - CMSIS Pack Vendor :STMicroelectronics X-CUBE-WB05N 2.0.0
2026-01-01 01:03:57,037 [INFO] ThirdParty:1030 - CMSIS Pack Vendor :STMicroelectronics PDM2PCM 3.1.0
2026-01-01 01:03:57,037 [INFO] ThirdParty:1030 - CMSIS Pack Vendor :STMicroelectronics PDM2PCM 3.3.0
2026-01-01 01:03:57,037 [INFO] ThirdParty:1030 - CMSIS Pack Vendor :wolfSSL I-CUBE-wolfTPM 3.8.0
2026-01-01 01:03:57,038 [INFO] ThirdParty:1030 - CMSIS Pack Vendor :STMicroelectronics X-CUBE-AZRTOS-H7 3.4.0
2026-01-01 01:03:57,038 [INFO] ThirdParty:1030 - CMSIS Pack Vendor :STMicroelectronics X-CUBE-DISPLAY 3.0.0
2026-01-01 01:03:57,038 [INFO] ThirdParty:1030 - CMSIS Pack Vendor :wolfSSL I-CUBE-wolfSSH 1.4.20
2026-01-01 01:03:57,038 [INFO] ThirdParty:1030 - CMSIS Pack Vendor :STMicroelectronics X-CUBE-NFC7 2.0.0
2026-01-01 01:03:57,038 [INFO] ThirdParty:1030 - CMSIS Pack Vendor :STMicroelectronics FP-ATR-SIGFOX1 3.2.0
2026-01-01 01:03:57,038 [INFO] ThirdParty:1030 - CMSIS Pack Vendor :STMicroelectronics X-CUBE-NFC10 1.0.0
2026-01-01 01:03:57,038 [INFO] ThirdParty:1030 - CMSIS Pack Vendor :STMicroelectronics HAL Drivers 0.0.0
2026-01-01 01:03:57,038 [INFO] ThirdParty:1030 - CMSIS Pack Vendor :STMicroelectronics MBEDTLS 2.16.2
2026-01-01 01:03:57,046 [INFO] ThirdParty:1030 - CMSIS Pack Vendor :STMicroelectronics X-CUBE-ALS 1.0.2
2026-01-01 01:03:57,046 [INFO] ThirdParty:1030 - CMSIS Pack Vendor :emotas I-CUBE-CANOPEN 1.3.0
2026-01-01 01:03:57,046 [INFO] ThirdParty:1030 - CMSIS Pack Vendor :STMicroelectronics MBEDTLS 2.14.1
2026-01-01 01:03:57,046 [INFO] ThirdParty:1030 - CMSIS Pack Vendor :STMicroelectronics X-CUBE-GNSS1 7.1.0
2026-01-01 01:03:57,046 [INFO] ThirdParty:1030 - CMSIS Pack Vendor :ITTIA_DB I-CUBE-ITTIADB 8.9.0
2026-01-01 01:03:57,046 [INFO] ThirdParty:1030 - CMSIS Pack Vendor :STMicroelectronics X-CUBE-TOUCHGFX 4.26.0
2026-01-01 01:03:57,047 [INFO] ThirdParty:1030 - CMSIS Pack Vendor :STMicroelectronics X-CUBE-STSE01 1.0.0
2026-01-01 01:03:57,047 [INFO] ThirdParty:1030 - CMSIS Pack Vendor :STMicroelectronics X-CUBE-AI 10.2.0
2026-01-01 01:03:57,047 [INFO] ThirdParty:1030 - CMSIS Pack Vendor :STMicroelectronics ThreadX 1.0.0
2026-01-01 01:03:57,050 [INFO] ThirdParty:1030 - CMSIS Pack Vendor :STMicroelectronics FP-SNS-SMARTAG2 1.2.0
2026-01-01 01:03:57,050 [INFO] ThirdParty:1030 - CMSIS Pack Vendor :STMicroelectronics X-CUBE-AZRTOS-WL 2.0.0
2026-01-01 01:03:57,050 [INFO] ThirdParty:1030 - CMSIS Pack Vendor :SEGGER I-CUBE-embOS 1.3.1
2026-01-01 01:03:57,050 [INFO] ThirdParty:1030 - CMSIS Pack Vendor :STMicroelectronics X-CUBE-ALGOBUILD 1.4.0
2026-01-01 01:03:57,050 [INFO] ThirdParty:1030 - CMSIS Pack Vendor :STMicroelectronics USB_DEVICE 1.0.0
2026-01-01 01:03:57,050 [INFO] ThirdParty:1030 - CMSIS Pack Vendor :STMicroelectronics X-CUBE-AZRTOS-H7RS 1.2.0
2026-01-01 01:03:57,050 [INFO] ThirdParty:1030 - CMSIS Pack Vendor :STMicroelectronics X-CUBE-AZRTOS-L4 2.0.0
2026-01-01 01:03:57,051 [INFO] ThirdParty:1030 - CMSIS Pack Vendor :STMicroelectronics ThreadX 0.0.2
2026-01-01 01:03:57,054 [INFO] ThirdParty:1030 - CMSIS Pack Vendor :STMicroelectronics lwIP 2.1.2
2026-01-01 01:03:57,054 [INFO] ThirdParty:1030 - CMSIS Pack Vendor :STMicroelectronics X-CUBE-SFXS2LP1 4.0.0
2026-01-01 01:03:57,054 [INFO] ThirdParty:1030 - CMSIS Pack Vendor :STMicroelectronics X-CUBE-BLE2 3.3.0
2026-01-01 01:03:57,054 [INFO] ThirdParty:1030 - CMSIS Pack Vendor :STMicroelectronics PDM2PCM 3.2.0
2026-01-01 01:03:57,054 [INFO] ThirdParty:841 - exiting critical section [change project]
2026-01-01 01:03:58,718 [INFO] PinOutPanel:1499 - setPackage(No Configuration,No Configuration)
2026-01-01 01:03:58,720 [INFO] PinOutPanel:1499 - setPackage(STM32F405RGTx,LQFP64)
2026-01-01 01:04:00,485 [INFO] UtilMem:75 - Before build in PCC Used Memory: 696745520 Bytes (895483904)
2026-01-01 01:04:03,045 [INFO] UtilMem:75 - After build in PCC Used Memory: 725471744 Bytes (895483904)
2026-01-01 01:04:03,239 [INFO] IPUIPlugin:80 - create IPUIPlugin
2026-01-01 01:04:03,240 [INFO] IPUIPlugin:80 - create IPUIPlugin
2026-01-01 01:04:03,240 [INFO] IPUIPlugin:80 - create IPUIPlugin
2026-01-01 01:04:03,241 [INFO] IPUIPlugin:80 - create IPUIPlugin
2026-01-01 01:04:03,249 [INFO] IPUIPlugin:80 - create IPUIPlugin
2026-01-01 01:04:03,250 [INFO] IPUIPlugin:80 - create IPUIPlugin
2026-01-01 01:04:03,250 [INFO] IPUIPlugin:80 - create IPUIPlugin
2026-01-01 01:04:03,250 [INFO] IPUIPlugin:80 - create IPUIPlugin
2026-01-01 01:04:03,251 [INFO] IPUIPlugin:80 - create IPUIPlugin
2026-01-01 01:04:03,251 [INFO] IPUIPlugin:80 - create IPUIPlugin
2026-01-01 01:04:03,251 [INFO] IPUIPlugin:80 - create IPUIPlugin
2026-01-01 01:04:03,251 [INFO] IPUIPlugin:80 - create IPUIPlugin
2026-01-01 01:04:03,257 [INFO] IPUIPlugin:80 - create IPUIPlugin
2026-01-01 01:04:03,257 [INFO] IPUIPlugin:80 - create IPUIPlugin
2026-01-01 01:04:03,258 [INFO] IPUIPlugin:80 - create IPUIPlugin
2026-01-01 01:04:03,258 [INFO] IPUIPlugin:80 - create IPUIPlugin
2026-01-01 01:04:03,262 [INFO] IPUIPlugin:80 - create IPUIPlugin
2026-01-01 01:04:03,262 [INFO] IPUIPlugin:80 - create IPUIPlugin
2026-01-01 01:04:03,263 [INFO] IPUIPlugin:80 - create IPUIPlugin
2026-01-01 01:04:03,263 [INFO] IPUIPlugin:80 - create IPUIPlugin
2026-01-01 01:04:03,264 [INFO] IPUIPlugin:80 - create IPUIPlugin
2026-01-01 01:04:03,267 [INFO] IPUIPlugin:80 - create IPUIPlugin
2026-01-01 01:04:03,268 [INFO] IPUIPlugin:80 - create IPUIPlugin
2026-01-01 01:04:03,269 [INFO] IPUIPlugin:80 - create IPUIPlugin
2026-01-01 01:04:03,269 [INFO] IPUIPlugin:80 - create IPUIPlugin
2026-01-01 01:04:03,274 [INFO] IPUIPlugin:80 - create IPUIPlugin
2026-01-01 01:04:03,274 [INFO] IPUIPlugin:80 - create IPUIPlugin
2026-01-01 01:04:03,275 [INFO] IPUIPlugin:80 - create IPUIPlugin
2026-01-01 01:04:03,275 [INFO] IPUIPlugin:80 - create IPUIPlugin
2026-01-01 01:04:03,276 [INFO] IPUIPlugin:80 - create IPUIPlugin
2026-01-01 01:04:03,276 [INFO] IPUIPlugin:80 - create IPUIPlugin
2026-01-01 01:04:03,278 [INFO] IPUIPlugin:80 - create IPUIPlugin
2026-01-01 01:04:03,279 [INFO] IPUIPlugin:80 - create IPUIPlugin
2026-01-01 01:04:03,280 [INFO] IPUIPlugin:80 - create IPUIPlugin
2026-01-01 01:04:03,280 [INFO] IPUIPlugin:80 - create IPUIPlugin
2026-01-01 01:04:03,280 [INFO] IPUIPlugin:80 - create IPUIPlugin
2026-01-01 01:04:03,286 [INFO] IPUIPlugin:80 - create IPUIPlugin
2026-01-01 01:04:03,286 [INFO] IPUIPlugin:80 - create IPUIPlugin
2026-01-01 01:04:03,287 [INFO] IPUIPlugin:80 - create IPUIPlugin
2026-01-01 01:04:03,288 [INFO] IPUIPlugin:80 - create IPUIPlugin
2026-01-01 01:04:03,288 [INFO] IPUIPlugin:80 - create IPUIPlugin
2026-01-01 01:04:03,289 [INFO] IPUIPlugin:80 - create IPUIPlugin
2026-01-01 01:04:03,292 [INFO] IPUIPlugin:80 - create IPUIPlugin
2026-01-01 01:04:03,293 [INFO] IPUIPlugin:80 - create IPUIPlugin
2026-01-01 01:04:03,294 [INFO] IPUIPlugin:80 - create IPUIPlugin
2026-01-01 01:04:03,299 [INFO] IPUIPlugin:80 - create IPUIPlugin
2026-01-01 01:04:03,300 [INFO] IPUIPlugin:80 - create IPUIPlugin
2026-01-01 01:04:03,301 [INFO] IPUIPlugin:80 - create IPUIPlugin
2026-01-01 01:04:03,303 [INFO] IPUIPlugin:80 - create IPUIPlugin
2026-01-01 01:04:03,304 [INFO] IPUIPlugin:80 - create IPUIPlugin
2026-01-01 01:04:03,315 [INFO] IPUIPlugin:80 - create IPUIPlugin
2026-01-01 01:04:03,316 [INFO] IPUIPlugin:80 - create IPUIPlugin
2026-01-01 01:04:03,321 [INFO] IPUIPlugin:80 - create IPUIPlugin
2026-01-01 01:04:03,322 [INFO] IPUIPlugin:80 - create IPUIPlugin
2026-01-01 01:04:03,573 [INFO] ApiDbMcu:507 - Load IP Config File for PDM2PCM
2026-01-01 01:04:04,285 [INFO] CADModel:165 - CPN selected for project levelSTM32F405RGT6
2026-01-01 01:04:04,285 [INFO] CADModel:114 - Register for checkConnection events
2026-01-01 01:04:04,330 [INFO] OpenFileManager:328 - Restore cursor
2026-01-01 01:04:06,565 [INFO] UtilMem:75 - End SaveConfig() Used Memory: 755001040 Bytes (895483904)
2026-01-01 01:04:06,707 [INFO] UtilMem:75 - End SaveConfig() Used Memory: 775911992 Bytes (895483904)
2026-01-01 01:04:08,276 [INFO] BlockDiagram:2759 - set Specific Code input for plugin: RCC
2026-01-01 01:04:08,276 [INFO] BlockDiagram:2759 - set Specific Code input for plugin: NVIC
2026-01-01 01:04:08,284 [INFO] CodeGenerator:793 - code generatio: config db path: /app/stm32cubeide/plugins/com.st.stm32cube.common.mx_6.8.0.202302231600//db/
2026-01-01 01:04:09,207 [INFO] CodeEngine:255 - oldGeneratedFile, /home/ziad/ziad_ws/Embedded_IoT/projects/stm32/MXTmpFiles/license.tmp_save
2026-01-01 01:04:10,481 [INFO] CodeEngine:279 - Generated code: /home/ziad/ziad_ws/Embedded_IoT/projects/stm32/MXTmpFiles/license.tmp
2026-01-01 01:04:10,498 [INFO] CodeEngine:255 - oldGeneratedFile, /home/ziad/ziad_ws/Embedded_IoT/projects/stm32/Core/Src/stm32f4xx_it.c_save
2026-01-01 01:04:10,949 [INFO] CodeEngine:279 - Generated code: /home/ziad/ziad_ws/Embedded_IoT/projects/stm32/Core/Src/stm32f4xx_it.c
2026-01-01 01:04:10,952 [INFO] CodeEngine:255 - oldGeneratedFile, /home/ziad/ziad_ws/Embedded_IoT/projects/stm32/Core/Inc/stm32f4xx_it.h_save
2026-01-01 01:04:11,305 [INFO] CodeEngine:279 - Generated code: /home/ziad/ziad_ws/Embedded_IoT/projects/stm32/Core/Inc/stm32f4xx_it.h
2026-01-01 01:04:11,523 [INFO] CodeEngine:255 - oldGeneratedFile, /home/ziad/ziad_ws/Embedded_IoT/projects/stm32/Core/Src/stm32f4xx_hal_msp.c_save
2026-01-01 01:04:11,952 [INFO] CodeEngine:279 - Generated code: /home/ziad/ziad_ws/Embedded_IoT/projects/stm32/Core/Src/stm32f4xx_hal_msp.c
2026-01-01 01:04:11,956 [INFO] CodeEngine:255 - oldGeneratedFile, /home/ziad/ziad_ws/Embedded_IoT/projects/stm32/MXTmpFiles/system.tmp_save
2026-01-01 01:04:12,256 [INFO] CodeEngine:279 - Generated code: /home/ziad/ziad_ws/Embedded_IoT/projects/stm32/MXTmpFiles/system.tmp
2026-01-01 01:04:12,265 [INFO] CodeEngine:311 - oldGeneratedFile, /home/ziad/ziad_ws/Embedded_IoT/projects/stm32/Core/Inc/stm32f4xx_hal_conf.h_save
2026-01-01 01:04:12,663 [INFO] CodeEngine:335 - Generated code: /home/ziad/ziad_ws/Embedded_IoT/projects/stm32/Core/Inc/stm32f4xx_hal_conf.h
2026-01-01 01:04:12,888 [INFO] CodeEngine:255 - oldGeneratedFile, /home/ziad/ziad_ws/Embedded_IoT/projects/stm32/Core/Inc/main.h_save
2026-01-01 01:04:13,128 [INFO] CodeEngine:279 - Generated code: /home/ziad/ziad_ws/Embedded_IoT/projects/stm32/Core/Inc/main.h
2026-01-01 01:04:13,133 [INFO] CodeEngine:255 - oldGeneratedFile, /home/ziad/ziad_ws/Embedded_IoT/projects/stm32/Core/Src/main.c_save
2026-01-01 01:04:13,475 [INFO] CodeEngine:279 - Generated code: /home/ziad/ziad_ws/Embedded_IoT/projects/stm32/Core/Src/main.c
2026-01-01 01:04:15,276 [INFO] ProjectBuilder:2996 - Time for Copy HAL[1] : 88mS.
2026-01-01 01:04:15,316 [INFO] ProjectBuilder:4304 - Project Generator version: 3.19.2
2026-01-01 01:04:16,290 [INFO] ConfigFileManager:1483 - The Die is : DIE413
2026-01-01 01:04:16,321 [INFO] ApiDbMcu:507 - Load IP Config File for FATFS
2026-01-01 01:04:16,373 [INFO] ApiDbMcu:507 - Load IP Config File for FREERTOS
2026-01-01 01:04:16,381 [INFO] ApiDbMcu:507 - Load IP Config File for LIBJPEG
2026-01-01 01:04:16,454 [INFO] ApiDbMcu:507 - Load IP Config File for MBEDTLS
2026-01-01 01:04:16,517 [INFO] ApiDbMcu:507 - Load IP Config File for USB_DEVICE
2026-01-01 01:04:16,544 [INFO] ApiDbMcu:507 - Load IP Config File for USB_HOST
2026-01-01 01:04:18,201 [INFO] LogOutputStream:77 - [STDOUT_REDIRECT] 
2026-01-01 01:04:26,827 [INFO] ProjectBuilder:4505 - Time for Generating toolchain IDE Files: 11512mS.
2026-01-01 01:04:26,833 [INFO] ProjectBuilder:2867 - Time for Copy CMSIS : 4mS.
2026-01-01 01:04:26,834 [INFO] ProjectBuilder:2867 - Time for Copy CMSIS : 0mS.
2026-01-01 01:04:27,863 [INFO] McuFinderGlobals:66 - Set McuFinderConnectedMode to true
2026-01-01 01:04:27,872 [INFO] ApiDb:448 - Save user favorites file /home/ziad/.stm32cubeide/favorites.mcus.txt: 2 item(s)
2026-01-01 01:04:27,873 [INFO] ApiDb:452 - User favorites MCUs=[STM32F103C8T6, STM32F405RGT6]
2026-01-01 01:05:14,884 [INFO] Gpio:273 - dependency for GPIO [SYS]
2026-01-01 01:05:16,898 [INFO] Gpio:273 - dependency for GPIO [SYS]
2026-01-01 01:05:41,949 [INFO] NvicIntPanel:101 - NVIC parent = com.st.microxplorer.plugins.ip.nvic.MultiNvicIntPanel[,0,0,450x178,layout=javax.swing.BoxLayout,alignmentX=0.0,alignmentY=0.0,border=,flags=9,maximumSize=,minimumSize=,preferredSize=]
2026-01-01 01:05:43,570 [INFO] NvicIntPanel:101 - NVIC parent = com.st.microxplorer.plugins.ip.nvic.MultiNvicIntPanel[,0,0,0x0,invalid,layout=javax.swing.BoxLayout,alignmentX=0.0,alignmentY=0.0,border=,flags=9,maximumSize=,minimumSize=,preferredSize=]
2026-01-01 01:05:57,356 [INFO] NvicIntPanel:101 - NVIC parent = com.st.microxplorer.plugins.ip.nvic.MultiNvicIntPanel[,0,0,0x0,invalid,layout=javax.swing.BoxLayout,alignmentX=0.0,alignmentY=0.0,border=,flags=9,maximumSize=,minimumSize=,preferredSize=]
2026-01-01 01:06:01,284 [INFO] NvicIntPanel:101 - NVIC parent = com.st.microxplorer.plugins.ip.nvic.MultiNvicIntPanel[,0,0,0x0,invalid,layout=javax.swing.BoxLayout,alignmentX=0.0,alignmentY=0.0,border=,flags=9,maximumSize=,minimumSize=,preferredSize=]
2026-01-01 01:06:55,641 [INFO] RtosManager:919 - Current active RTOS is FREERTOS [Cortex-M4NS]
2026-01-01 01:06:56,088 [WARN] FreeRTOS:563 - Case being investigated as it may cause exception (when called to early by set config state
2026-01-01 01:06:56,440 [ERROR] RtosPanel:558 - Can not restore the selected Tab for FREERTOS(A reason can be that the tab is no more available.)
2026-01-01 01:06:56,580 [ERROR] RtosPanel:558 - Can not restore the selected Tab for FREERTOS(A reason can be that the tab is no more available.)
2026-01-01 01:13:56,520 [INFO] TasksAndQueuesTab:757 - Dynamic
2026-01-01 01:13:56,521 [WARN] TasksAndQueuesTab:763 - 128 128
2026-01-01 01:13:56,521 [WARN] TasksAndQueuesTab:775 - max value is: 3840.0
2026-01-01 01:13:58,493 [INFO] EditThreadDialog:704 - RAM SIZE (in KB): 128
2026-01-01 01:13:58,493 [INFO] EditThreadDialog:706 - RAM SIZE (in words): 32768
2026-01-01 01:15:11,139 [INFO] EditThreadDialog:704 - RAM SIZE (in KB): 128
2026-01-01 01:15:11,139 [INFO] EditThreadDialog:706 - RAM SIZE (in words): 32768
2026-01-01 01:15:23,443 [INFO] TasksAndQueuesTab:757 - Dynamic
2026-01-01 01:15:23,443 [WARN] TasksAndQueuesTab:763 - 128 128
2026-01-01 01:15:23,443 [WARN] TasksAndQueuesTab:775 - max value is: 3840.0
2026-01-01 01:15:23,667 [ERROR] RtosPanel:558 - Can not restore the selected Tab for FREERTOS(A reason can be that the tab is no more available.)
2026-01-01 01:15:33,285 [INFO] UtilMem:75 - End SaveConfig() Used Memory: 353212352 Bytes (615514112)
2026-01-01 01:15:36,402 [INFO] UtilMem:75 - End SaveConfig() Used Memory: 397259360 Bytes (615514112)
2026-01-01 01:15:42,593 [INFO] UtilMem:75 - End SaveConfig() Used Memory: 542482240 Bytes (615514112)
2026-01-01 01:15:46,159 [INFO] BlockDiagram:2759 - set Specific Code input for plugin: FREERTOS
2026-01-01 01:15:46,159 [INFO] BlockDiagram:2759 - set Specific Code input for plugin: SYS
2026-01-01 01:15:46,159 [INFO] BlockDiagram:2759 - set Specific Code input for plugin: RCC
2026-01-01 01:15:46,159 [INFO] BlockDiagram:2759 - set Specific Code input for plugin: NVIC
2026-01-01 01:15:46,159 [INFO] BlockDiagram:2759 - set Specific Code input for plugin: USART
2026-01-01 01:15:46,161 [INFO] BlockDiagram:2759 - set Specific Code input for plugin: GPIO
2026-01-01 01:15:46,164 [INFO] CodeGenerator:793 - code generatio: config db path: /app/stm32cubeide/plugins/com.st.stm32cube.common.mx_6.8.0.202302231600//db/
2026-01-01 01:15:46,436 [INFO] CodeEngine:255 - oldGeneratedFile, /home/ziad/ziad_ws/Embedded_IoT/projects/stm32/MXTmpFiles/license.tmp_save
2026-01-01 01:15:46,560 [INFO] CodeEngine:279 - Generated code: /home/ziad/ziad_ws/Embedded_IoT/projects/stm32/MXTmpFiles/license.tmp
2026-01-01 01:15:46,599 [INFO] CodeEngine:255 - oldGeneratedFile, /home/ziad/ziad_ws/Embedded_IoT/projects/stm32/MXTmpFiles/gpio.tmp_save
2026-01-01 01:15:46,729 [INFO] CodeEngine:279 - Generated code: /home/ziad/ziad_ws/Embedded_IoT/projects/stm32/MXTmpFiles/gpio.tmp
2026-01-01 01:15:46,910 [INFO] Middleware:1439 - No code input for Bsp Dependency
2026-01-01 01:15:46,916 [INFO] CodeEngine:255 - oldGeneratedFile, /home/ziad/ziad_ws/Embedded_IoT/projects/stm32/MXTmpFiles/rtos_inc.tmp_save
2026-01-01 01:15:47,007 [INFO] CodeEngine:279 - Generated code: /home/ziad/ziad_ws/Embedded_IoT/projects/stm32/MXTmpFiles/rtos_inc.tmp
2026-01-01 01:15:47,008 [INFO] CodeEngine:255 - oldGeneratedFile, /home/ziad/ziad_ws/Embedded_IoT/projects/stm32/MXTmpFiles/rtos_kernelInit.tmp_save
2026-01-01 01:15:47,109 [INFO] CodeEngine:279 - Generated code: /home/ziad/ziad_ws/Embedded_IoT/projects/stm32/MXTmpFiles/rtos_kernelInit.tmp
2026-01-01 01:15:47,111 [INFO] CodeEngine:255 - oldGeneratedFile, /home/ziad/ziad_ws/Embedded_IoT/projects/stm32/MXTmpFiles/rtos_kernelStart.tmp_save
2026-01-01 01:15:47,200 [INFO] CodeEngine:279 - Generated code: /home/ziad/ziad_ws/Embedded_IoT/projects/stm32/MXTmpFiles/rtos_kernelStart.tmp
2026-01-01 01:15:47,202 [INFO] CodeEngine:255 - oldGeneratedFile, /home/ziad/ziad_ws/Embedded_IoT/projects/stm32/MXTmpFiles/rtos_typedefs.tmp_save
2026-01-01 01:15:47,298 [INFO] CodeEngine:279 - Generated code: /home/ziad/ziad_ws/Embedded_IoT/projects/stm32/MXTmpFiles/rtos_typedefs.tmp
2026-01-01 01:15:47,299 [INFO] CodeEngine:255 - oldGeneratedFile, /home/ziad/ziad_ws/Embedded_IoT/projects/stm32/MXTmpFiles/rtos_vars.tmp_save
2026-01-01 01:15:47,397 [INFO] CodeEngine:279 - Generated code: /home/ziad/ziad_ws/Embedded_IoT/projects/stm32/MXTmpFiles/rtos_vars.tmp
2026-01-01 01:15:47,398 [INFO] CodeEngine:255 - oldGeneratedFile, /home/ziad/ziad_ws/Embedded_IoT/projects/stm32/MXTmpFiles/rtos_pfp.tmp_save
2026-01-01 01:15:47,483 [INFO] CodeEngine:279 - Generated code: /home/ziad/ziad_ws/Embedded_IoT/projects/stm32/MXTmpFiles/rtos_pfp.tmp
2026-01-01 01:15:47,484 [INFO] CodeEngine:255 - oldGeneratedFile, /home/ziad/ziad_ws/Embedded_IoT/projects/stm32/MXTmpFiles/rtos_obj_creat.tmp_save
2026-01-01 01:15:47,577 [INFO] CodeEngine:279 - Generated code: /home/ziad/ziad_ws/Embedded_IoT/projects/stm32/MXTmpFiles/rtos_obj_creat.tmp
2026-01-01 01:15:47,579 [INFO] CodeEngine:255 - oldGeneratedFile, /home/ziad/ziad_ws/Embedded_IoT/projects/stm32/MXTmpFiles/rtos_default_thread.tmp_save
2026-01-01 01:15:47,666 [INFO] CodeEngine:279 - Generated code: /home/ziad/ziad_ws/Embedded_IoT/projects/stm32/MXTmpFiles/rtos_default_thread.tmp
2026-01-01 01:15:47,667 [INFO] CodeEngine:255 - oldGeneratedFile, /home/ziad/ziad_ws/Embedded_IoT/projects/stm32/MXTmpFiles/rtos_threads.tmp_save
2026-01-01 01:15:47,757 [INFO] CodeEngine:279 - Generated code: /home/ziad/ziad_ws/Embedded_IoT/projects/stm32/MXTmpFiles/rtos_threads.tmp
2026-01-01 01:15:47,768 [INFO] Middleware:1439 - No code input for Bsp Dependency
2026-01-01 01:15:47,772 [INFO] CodeEngine:255 - oldGeneratedFile, /home/ziad/ziad_ws/Embedded_IoT/projects/stm32/MXTmpFiles/rtos_inc.tmp_save
2026-01-01 01:15:47,866 [INFO] CodeEngine:279 - Generated code: /home/ziad/ziad_ws/Embedded_IoT/projects/stm32/MXTmpFiles/rtos_inc.tmp
2026-01-01 01:15:47,868 [INFO] CodeEngine:255 - oldGeneratedFile, /home/ziad/ziad_ws/Embedded_IoT/projects/stm32/MXTmpFiles/rtos_kernelInit.tmp_save
2026-01-01 01:15:47,991 [INFO] CodeEngine:279 - Generated code: /home/ziad/ziad_ws/Embedded_IoT/projects/stm32/MXTmpFiles/rtos_kernelInit.tmp
2026-01-01 01:15:47,993 [INFO] CodeEngine:255 - oldGeneratedFile, /home/ziad/ziad_ws/Embedded_IoT/projects/stm32/MXTmpFiles/rtos_kernelStart.tmp_save
2026-01-01 01:15:48,087 [INFO] CodeEngine:279 - Generated code: /home/ziad/ziad_ws/Embedded_IoT/projects/stm32/MXTmpFiles/rtos_kernelStart.tmp
2026-01-01 01:15:48,089 [INFO] CodeEngine:255 - oldGeneratedFile, /home/ziad/ziad_ws/Embedded_IoT/projects/stm32/MXTmpFiles/rtos_typedefs.tmp_save
2026-01-01 01:15:48,305 [INFO] CodeEngine:279 - Generated code: /home/ziad/ziad_ws/Embedded_IoT/projects/stm32/MXTmpFiles/rtos_typedefs.tmp
2026-01-01 01:15:48,309 [INFO] CodeEngine:255 - oldGeneratedFile, /home/ziad/ziad_ws/Embedded_IoT/projects/stm32/MXTmpFiles/rtos_vars.tmp_save
2026-01-01 01:15:48,666 [INFO] CodeEngine:279 - Generated code: /home/ziad/ziad_ws/Embedded_IoT/projects/stm32/MXTmpFiles/rtos_vars.tmp
2026-01-01 01:15:48,668 [INFO] CodeEngine:255 - oldGeneratedFile, /home/ziad/ziad_ws/Embedded_IoT/projects/stm32/MXTmpFiles/rtos_pfp.tmp_save
2026-01-01 01:15:48,822 [INFO] CodeEngine:279 - Generated code: /home/ziad/ziad_ws/Embedded_IoT/projects/stm32/MXTmpFiles/rtos_pfp.tmp
2026-01-01 01:15:48,823 [INFO] CodeEngine:255 - oldGeneratedFile, /home/ziad/ziad_ws/Embedded_IoT/projects/stm32/MXTmpFiles/rtos_obj_creat.tmp_save
2026-01-01 01:15:48,906 [INFO] CodeEngine:279 - Generated code: /home/ziad/ziad_ws/Embedded_IoT/projects/stm32/MXTmpFiles/rtos_obj_creat.tmp
2026-01-01 01:15:48,907 [INFO] CodeEngine:255 - oldGeneratedFile, /home/ziad/ziad_ws/Embedded_IoT/projects/stm32/MXTmpFiles/rtos_default_thread.tmp_save
2026-01-01 01:15:48,977 [INFO] CodeEngine:279 - Generated code: /home/ziad/ziad_ws/Embedded_IoT/projects/stm32/MXTmpFiles/rtos_default_thread.tmp
2026-01-01 01:15:48,978 [INFO] CodeEngine:255 - oldGeneratedFile, /home/ziad/ziad_ws/Embedded_IoT/projects/stm32/MXTmpFiles/rtos_threads.tmp_save
2026-01-01 01:15:49,045 [INFO] CodeEngine:279 - Generated code: /home/ziad/ziad_ws/Embedded_IoT/projects/stm32/MXTmpFiles/rtos_threads.tmp
2026-01-01 01:15:49,046 [INFO] CodeEngine:255 - oldGeneratedFile, /home/ziad/ziad_ws/Embedded_IoT/projects/stm32/Core/Inc/FreeRTOSConfig.h_save
2026-01-01 01:15:49,156 [INFO] CodeEngine:279 - Generated code: /home/ziad/ziad_ws/Embedded_IoT/projects/stm32/Core/Inc/FreeRTOSConfig.h
2026-01-01 01:15:49,158 [INFO] CodeEngine:255 - oldGeneratedFile, /home/ziad/ziad_ws/Embedded_IoT/projects/stm32/Core/Src/freertos.c_save
2026-01-01 01:15:49,283 [INFO] CodeEngine:279 - Generated code: /home/ziad/ziad_ws/Embedded_IoT/projects/stm32/Core/Src/freertos.c
2026-01-01 01:15:49,292 [INFO] CodeEngine:255 - oldGeneratedFile, /home/ziad/ziad_ws/Embedded_IoT/projects/stm32/Core/Src/stm32f4xx_it.c_save
2026-01-01 01:15:49,444 [INFO] CodeEngine:279 - Generated code: /home/ziad/ziad_ws/Embedded_IoT/projects/stm32/Core/Src/stm32f4xx_it.c
2026-01-01 01:15:49,446 [INFO] CodeEngine:255 - oldGeneratedFile, /home/ziad/ziad_ws/Embedded_IoT/projects/stm32/Core/Inc/stm32f4xx_it.h_save
2026-01-01 01:15:49,580 [INFO] CodeEngine:279 - Generated code: /home/ziad/ziad_ws/Embedded_IoT/projects/stm32/Core/Inc/stm32f4xx_it.h
2026-01-01 01:15:49,589 [INFO] CodeEngine:255 - oldGeneratedFile, /home/ziad/ziad_ws/Embedded_IoT/projects/stm32/Core/Src/stm32f4xx_hal_msp.c_save
2026-01-01 01:15:49,751 [INFO] CodeEngine:279 - Generated code: /home/ziad/ziad_ws/Embedded_IoT/projects/stm32/Core/Src/stm32f4xx_hal_msp.c
2026-01-01 01:15:49,753 [INFO] CodeEngine:255 - oldGeneratedFile, /home/ziad/ziad_ws/Embedded_IoT/projects/stm32/MXTmpFiles/system.tmp_save
2026-01-01 01:15:49,823 [INFO] CodeEngine:279 - Generated code: /home/ziad/ziad_ws/Embedded_IoT/projects/stm32/MXTmpFiles/system.tmp
2026-01-01 01:15:49,824 [INFO] CodeEngine:255 - oldGeneratedFile, /home/ziad/ziad_ws/Embedded_IoT/projects/stm32/Core/Src/stm32f4xx_hal_timebase_tim.c_save
2026-01-01 01:15:49,902 [INFO] CodeEngine:279 - Generated code: /home/ziad/ziad_ws/Embedded_IoT/projects/stm32/Core/Src/stm32f4xx_hal_timebase_tim.c
2026-01-01 01:15:49,906 [INFO] CodeEngine:311 - oldGeneratedFile, /home/ziad/ziad_ws/Embedded_IoT/projects/stm32/Core/Inc/stm32f4xx_hal_conf.h_save
2026-01-01 01:15:50,030 [INFO] CodeEngine:335 - Generated code: /home/ziad/ziad_ws/Embedded_IoT/projects/stm32/Core/Inc/stm32f4xx_hal_conf.h
2026-01-01 01:15:50,059 [INFO] CodeEngine:255 - oldGeneratedFile, /home/ziad/ziad_ws/Embedded_IoT/projects/stm32/Core/Inc/main.h_save
2026-01-01 01:15:50,204 [INFO] CodeEngine:279 - Generated code: /home/ziad/ziad_ws/Embedded_IoT/projects/stm32/Core/Inc/main.h
2026-01-01 01:15:50,207 [INFO] CodeEngine:255 - oldGeneratedFile, /home/ziad/ziad_ws/Embedded_IoT/projects/stm32/Core/Src/main.c_save
2026-01-01 01:15:50,418 [INFO] CodeEngine:279 - Generated code: /home/ziad/ziad_ws/Embedded_IoT/projects/stm32/Core/Src/main.c
2026-01-01 01:15:51,437 [INFO] ProjectBuilder:2996 - Time for Copy HAL[1] : 57mS.
2026-01-01 01:15:51,441 [INFO] ProjectBuilder:4304 - Project Generator version: 3.19.2
2026-01-01 01:15:52,258 [INFO] ConfigFileManager:1483 - The Die is : DIE413
2026-01-01 01:15:55,643 [INFO] ProjectBuilder:4505 - Time for Generating toolchain IDE Files: 4202mS.
2026-01-01 01:15:55,643 [INFO] ProjectBuilder:2867 - Time for Copy CMSIS : 0mS.
2026-01-01 01:15:55,645 [INFO] ProjectBuilder:2867 - Time for Copy CMSIS : 0mS.
